Archive member included to satisfy reference by file (symbol)

c:/vsarm/armcc/102021~1.10/bin/../lib/gcc/arm-none-eabi/10.3.1/thumb/v6-m/nofp\libgcc.a(_dvmd_tls.o)
                              CMakeFiles/spi_slave.dir/C_/VSARM/sdk/pico/pico-sdk/src/rp2_common/pico_divider/divider.S.obj (__aeabi_idiv0)
c:/vsarm/armcc/102021~1.10/bin/../lib/gcc/arm-none-eabi/10.3.1/../../../../arm-none-eabi/lib/thumb/v6-m/nofp\libc.a(lib_a-calloc.o)
                              CMakeFiles/spi_slave.dir/C_/VSARM/sdk/pico/pico-sdk/src/rp2_common/pico_malloc/pico_malloc.c.obj (calloc)
c:/vsarm/armcc/102021~1.10/bin/../lib/gcc/arm-none-eabi/10.3.1/../../../../arm-none-eabi/lib/thumb/v6-m/nofp\libc.a(lib_a-callocr.o)
                              c:/vsarm/armcc/102021~1.10/bin/../lib/gcc/arm-none-eabi/10.3.1/../../../../arm-none-eabi/lib/thumb/v6-m/nofp\libc.a(lib_a-calloc.o) (_calloc_r)
c:/vsarm/armcc/102021~1.10/bin/../lib/gcc/arm-none-eabi/10.3.1/../../../../arm-none-eabi/lib/thumb/v6-m/nofp\libc.a(lib_a-errno.o)
                              c:/vsarm/armcc/102021~1.10/bin/../lib/gcc/arm-none-eabi/10.3.1/../../../../arm-none-eabi/lib/thumb/v6-m/nofp\libc.a(lib_a-callocr.o) (__errno)
c:/vsarm/armcc/102021~1.10/bin/../lib/gcc/arm-none-eabi/10.3.1/../../../../arm-none-eabi/lib/thumb/v6-m/nofp\libc.a(lib_a-impure.o)
                              c:/vsarm/armcc/102021~1.10/bin/../lib/gcc/arm-none-eabi/10.3.1/../../../../arm-none-eabi/lib/thumb/v6-m/nofp\libc.a(lib_a-calloc.o) (_impure_ptr)
c:/vsarm/armcc/102021~1.10/bin/../lib/gcc/arm-none-eabi/10.3.1/../../../../arm-none-eabi/lib/thumb/v6-m/nofp\libc.a(lib_a-init.o)
                              c:/vsarm/armcc/102021~1.10/bin/../lib/gcc/arm-none-eabi/10.3.1/../../../../arm-none-eabi/lib/thumb/v6-m/nofp/crt0.o (__libc_init_array)
c:/vsarm/armcc/102021~1.10/bin/../lib/gcc/arm-none-eabi/10.3.1/../../../../arm-none-eabi/lib/thumb/v6-m/nofp\libc.a(lib_a-malloc.o)
                              CMakeFiles/spi_slave.dir/C_/VSARM/sdk/pico/pico-sdk/src/rp2_common/pico_malloc/pico_malloc.c.obj (malloc)
c:/vsarm/armcc/102021~1.10/bin/../lib/gcc/arm-none-eabi/10.3.1/../../../../arm-none-eabi/lib/thumb/v6-m/nofp\libc.a(lib_a-mallocr.o)
                              c:/vsarm/armcc/102021~1.10/bin/../lib/gcc/arm-none-eabi/10.3.1/../../../../arm-none-eabi/lib/thumb/v6-m/nofp\libc.a(lib_a-callocr.o) (_malloc_r)
c:/vsarm/armcc/102021~1.10/bin/../lib/gcc/arm-none-eabi/10.3.1/../../../../arm-none-eabi/lib/thumb/v6-m/nofp\libc.a(lib_a-mlock.o)
                              c:/vsarm/armcc/102021~1.10/bin/../lib/gcc/arm-none-eabi/10.3.1/../../../../arm-none-eabi/lib/thumb/v6-m/nofp\libc.a(lib_a-mallocr.o) (__malloc_lock)
c:/vsarm/armcc/102021~1.10/bin/../lib/gcc/arm-none-eabi/10.3.1/../../../../arm-none-eabi/lib/thumb/v6-m/nofp\libc.a(lib_a-sbrkr.o)
                              c:/vsarm/armcc/102021~1.10/bin/../lib/gcc/arm-none-eabi/10.3.1/../../../../arm-none-eabi/lib/thumb/v6-m/nofp\libc.a(lib_a-mallocr.o) (_sbrk_r)
c:/vsarm/armcc/102021~1.10/bin/../lib/gcc/arm-none-eabi/10.3.1/../../../../arm-none-eabi/lib/thumb/v6-m/nofp\libc.a(lib_a-strlen-stub.o)
                              CMakeFiles/spi_slave.dir/C_/VSARM/sdk/pico/pico-sdk/src/rp2_common/pico_stdio/stdio.c.obj (strlen)
c:/vsarm/armcc/102021~1.10/bin/../lib/gcc/arm-none-eabi/10.3.1/../../../../arm-none-eabi/lib/thumb/v6-m/nofp\libc.a(lib_a-freer.o)
                              c:/vsarm/armcc/102021~1.10/bin/../lib/gcc/arm-none-eabi/10.3.1/../../../../arm-none-eabi/lib/thumb/v6-m/nofp\libc.a(lib_a-malloc.o) (_free_r)
c:/vsarm/armcc/102021~1.10/bin/../lib/gcc/arm-none-eabi/10.3.1/../../../../arm-none-eabi/lib/thumb/v6-m/nofp\libc.a(lib_a-lock.o)
                              c:/vsarm/armcc/102021~1.10/bin/../lib/gcc/arm-none-eabi/10.3.1/../../../../arm-none-eabi/lib/thumb/v6-m/nofp\libc.a(lib_a-mlock.o) (__retarget_lock_acquire_recursive)
c:/vsarm/armcc/102021~1.10/bin/../lib/gcc/arm-none-eabi/10.3.1/../../../../arm-none-eabi/lib/thumb/v6-m/nofp\libc.a(lib_a-reent.o)
                              c:/vsarm/armcc/102021~1.10/bin/../lib/gcc/arm-none-eabi/10.3.1/../../../../arm-none-eabi/lib/thumb/v6-m/nofp\libc.a(lib_a-sbrkr.o) (errno)

Discarded input sections

 .text          0x00000000        0x0 c:/vsarm/armcc/102021~1.10/bin/../lib/gcc/arm-none-eabi/10.3.1/thumb/v6-m/nofp/crti.o
 .data          0x00000000        0x0 c:/vsarm/armcc/102021~1.10/bin/../lib/gcc/arm-none-eabi/10.3.1/thumb/v6-m/nofp/crti.o
 .bss           0x00000000        0x0 c:/vsarm/armcc/102021~1.10/bin/../lib/gcc/arm-none-eabi/10.3.1/thumb/v6-m/nofp/crti.o
 .data          0x00000000        0x4 c:/vsarm/armcc/102021~1.10/bin/../lib/gcc/arm-none-eabi/10.3.1/thumb/v6-m/nofp/crtbegin.o
 .rodata        0x00000000       0x24 c:/vsarm/armcc/102021~1.10/bin/../lib/gcc/arm-none-eabi/10.3.1/thumb/v6-m/nofp/crtbegin.o
 .fini_array    0x00000000        0x4 c:/vsarm/armcc/102021~1.10/bin/../lib/gcc/arm-none-eabi/10.3.1/thumb/v6-m/nofp/crtbegin.o
[...]
Memory Configuration

Name             Origin             Length             Attributes
FLASH            0x10000000         0x00200000         xr
RAM              0x20000000         0x00040000         xrw
SCRATCH_X        0x20040000         0x00001000         xrw
SCRATCH_Y        0x20041000         0x00001000         xrw
*default*        0x00000000         0xffffffff

Linker script and memory map

LOAD c:/vsarm/armcc/102021~1.10/bin/../lib/gcc/arm-none-eabi/10.3.1/thumb/v6-m/nofp/crti.o
LOAD c:/vsarm/armcc/102021~1.10/bin/../lib/gcc/arm-none-eabi/10.3.1/thumb/v6-m/nofp/crtbegin.o
LOAD c:/vsarm/armcc/102021~1.10/bin/../lib/gcc/arm-none-eabi/10.3.1/../../../../arm-none-eabi/lib/thumb/v6-m/nofp/crt0.o

.flash_begin    0x10000000        0x0
                0x10000000                __flash_binary_start = .

.boot2          0x10000000      0x100
                0x10000000                __boot2_start__ = .
 *(.boot2)
 .boot2         0x10000000      0x100 C:\Users\Santhosh\AppData\Local\Temp\cc4r3oTu.o
                0x10000100                __boot2_end__ = .
                0x00000001                ASSERT (((__boot2_end__ - __boot2_start__) == 0x100), ERROR: Pico second stage bootloader must be 256 bytes in size)

.text           0x10000100     0x6ed8
                0x10000100                __logical_binary_start = .
 *(.vectors)
 .vectors       0x10000100       0xd4 CMakeFiles/spi_slave.dir/C_/VSARM/sdk/pico/pico-sdk/src/rp2_common/pico_standard_link/crt0.S.obj
                0x10000100                __VECTOR_TABLE
                0x10000100                __vectors
                0x100001c0                isr_invalid
                0x100001c0                __default_isrs_start
                0x100001c2                isr_nmi
                0x100001c4                isr_hardfault
                0x100001c6                isr_svcall
                0x100001c8                isr_pendsv
                0x100001ca                isr_systick
                0x100001cc                isr_irq23
                0x100001cc                isr_irq18
                0x100001cc                isr_irq11
                0x100001cc                isr_irq28
                0x100001cc                isr_irq19
                0x100001cc                isr_irq0
                0x100001cc                isr_irq6
                0x100001cc                isr_irq5
                0x100001cc                isr_irq12
                0x100001cc                isr_irq22
                0x100001cc                isr_irq31
                0x100001cc                isr_irq17
                0x100001cc                isr_irq27
                0x100001cc                isr_irq30
                0x100001cc                isr_irq2
                0x100001cc                isr_irq10
                0x100001cc                isr_irq8
                0x100001cc                isr_irq24
                0x100001cc                isr_irq1
                0x100001cc                isr_irq7
                0x100001cc                isr_irq21
                0x100001cc                isr_irq20
                0x100001cc                isr_irq15
                0x100001cc                isr_irq25
                0x100001cc                isr_irq13
                0x100001cc                __unhandled_user_irq
                0x100001cc                isr_irq4
                0x100001cc                isr_irq16
                0x100001cc                isr_irq29
                0x100001cc                isr_irq26
                0x100001cc                __default_isrs_end
                0x100001cc                isr_irq3
                0x100001cc                isr_irq14
                0x100001cc                isr_irq9
                0x100001d2                unhandled_user_irq_num_in_r0
 *(.binary_info_header)
 .binary_info_header
                0x100001d4       0x14 CMakeFiles/spi_slave.dir/C_/VSARM/sdk/pico/pico-sdk/src/rp2_common/pico_standard_link/crt0.S.obj
                0x100001e8                __binary_info_header_end = .
 *(.reset)
 .reset         0x100001e8       0xa8 CMakeFiles/spi_slave.dir/C_/VSARM/sdk/pico/pico-sdk/src/rp2_common/pico_standard_link/crt0.S.obj
                0x100001e8                _entry_point
                0x10000266                __get_current_exception
 .reset         0x10000290       0x30 CMakeFiles/spi_slave.dir/C_/VSARM/sdk/pico/pico-sdk/src/rp2_common/pico_standard_link/binary_info.c.obj
 *(.init)
 .init          0x100002c0        0x4 c:/vsarm/armcc/102021~1.10/bin/../lib/gcc/arm-none-eabi/10.3.1/thumb/v6-m/nofp/crti.o
                0x100002c0                _init
 *(EXCLUDE_FILE(*libm.a: *libc.a:*lib_a-mem*.o *libgcc.a:) .text*)
 .text          0x100002c4       0x48 c:/vsarm/armcc/102021~1.10/bin/../lib/gcc/arm-none-eabi/10.3.1/thumb/v6-m/nofp/crtbegin.o
 .text.core1_irq_handler
                0x1000030c       0x34 CMakeFiles/spi_slave.dir/main.c.obj
                0x1000030c                core1_irq_handler
 .text.core1_entry
                0x10000340       0x20 CMakeFiles/spi_slave.dir/main.c.obj
                0x10000340                core1_entry
 .text.startup.main
                0x10000360       0x68 CMakeFiles/spi_slave.dir/main.c.obj
                0x10000360                main
 .text.gpio_set_function
                0x100003c8       0x30 CMakeFiles/spi_slave.dir/C_/VSARM/sdk/pico/pico-sdk/src/rp2_common/hardware_gpio/gpio.c.obj
                0x100003c8                gpio_set_function
 .text.hw_claim_or_assert
                0x100003f8       0x44 CMakeFiles/spi_slave.dir/C_/VSARM/sdk/pico/pico-sdk/src/rp2_common/hardware_claim/claim.c.obj
                0x100003f8                hw_claim_or_assert
 .text.hw_claim_unused_from_range
                0x1000043c       0x9c CMakeFiles/spi_slave.dir/C_/VSARM/sdk/pico/pico-sdk/src/rp2_common/hardware_claim/claim.c.obj
                0x1000043c                hw_claim_unused_from_range
 .text.running_on_fpga
                0x100004d8       0x10 CMakeFiles/spi_slave.dir/C_/VSARM/sdk/pico/pico-sdk/src/rp2_common/pico_platform/platform.c.obj
                0x100004d8                running_on_fpga
 .text.spin_locks_reset
                0x100004e8       0x1c CMakeFiles/spi_slave.dir/C_/VSARM/sdk/pico/pico-sdk/src/rp2_common/hardware_sync/sync.c.obj
                0x100004e8                spin_locks_reset
 .text.next_striped_spin_lock_num
                0x10000504       0x18 CMakeFiles/spi_slave.dir/C_/VSARM/sdk/pico/pico-sdk/src/rp2_common/hardware_sync/sync.c.obj
                0x10000504                next_striped_spin_lock_num
 .text.spin_lock_claim_unused
                0x1000051c       0x20 CMakeFiles/spi_slave.dir/C_/VSARM/sdk/pico/pico-sdk/src/rp2_common/hardware_sync/sync.c.obj
                0x1000051c                spin_lock_claim_unused
 .text.timer_pool_entry_comparator
                0x1000053c       0x34 CMakeFiles/spi_slave.dir/C_/VSARM/sdk/pico/pico-sdk/src/common/pico_time/time.c.obj
                0x1000053c                timer_pool_entry_comparator
 .text.sleep_until_callback
                0x10000570       0x30 CMakeFiles/spi_slave.dir/C_/VSARM/sdk/pico/pico-sdk/src/common/pico_time/time.c.obj
 .text.add_alarm_under_lock.isra.0
                0x100005a0      0x100 CMakeFiles/spi_slave.dir/C_/VSARM/sdk/pico/pico-sdk/src/common/pico_time/time.c.obj
 .text.alarm_pool_alarm_callback
                0x100006a0      0x1c8 CMakeFiles/spi_slave.dir/C_/VSARM/sdk/pico/pico-sdk/src/common/pico_time/time.c.obj
 .text.alarm_pool_add_alarm_at.constprop.0
                0x10000868      0x11c CMakeFiles/spi_slave.dir/C_/VSARM/sdk/pico/pico-sdk/src/common/pico_time/time.c.obj
 .text.alarm_pool_init_default
                0x10000984       0x64 CMakeFiles/spi_slave.dir/C_/VSARM/sdk/pico/pico-sdk/src/common/pico_time/time.c.obj
                0x10000984                alarm_pool_init_default
 .text.alarm_pool_get_default
                0x100009e8        0x8 CMakeFiles/spi_slave.dir/C_/VSARM/sdk/pico/pico-sdk/src/common/pico_time/time.c.obj
                0x100009e8                alarm_pool_get_default
 .text.alarm_pool_add_alarm_at
                0x100009f0      0x194 CMakeFiles/spi_slave.dir/C_/VSARM/sdk/pico/pico-sdk/src/common/pico_time/time.c.obj
                0x100009f0                alarm_pool_add_alarm_at
 .text.best_effort_wfe_or_timeout
                0x10000b84       0xd4 CMakeFiles/spi_slave.dir/C_/VSARM/sdk/pico/pico-sdk/src/common/pico_time/time.c.obj
                0x10000b84                best_effort_wfe_or_timeout
 .text.hardware_alarm_irq_handler
                0x10000c58       0xb8 CMakeFiles/spi_slave.dir/C_/VSARM/sdk/pico/pico-sdk/src/rp2_common/hardware_timer/timer.c.obj
 .text.hardware_alarm_claim
                0x10000d10       0x18 CMakeFiles/spi_slave.dir/C_/VSARM/sdk/pico/pico-sdk/src/rp2_common/hardware_timer/timer.c.obj
                0x10000d10                hardware_alarm_claim
 .text.time_us_64
                0x10000d28       0x14 CMakeFiles/spi_slave.dir/C_/VSARM/sdk/pico/pico-sdk/src/rp2_common/hardware_timer/timer.c.obj
                0x10000d28                time_us_64
 .text.hardware_alarm_set_callback
                0x10000d3c       0x8c CMakeFiles/spi_slave.dir/C_/VSARM/sdk/pico/pico-sdk/src/rp2_common/hardware_timer/timer.c.obj
                0x10000d3c                hardware_alarm_set_callback
 .text.hardware_alarm_set_target
                0x10000dc8       0xe0 CMakeFiles/spi_slave.dir/C_/VSARM/sdk/pico/pico-sdk/src/rp2_common/hardware_timer/timer.c.obj
                0x10000dc8                hardware_alarm_set_target
 .text.hardware_alarm_cancel
                0x10000ea8       0x3c CMakeFiles/spi_slave.dir/C_/VSARM/sdk/pico/pico-sdk/src/rp2_common/hardware_timer/timer.c.obj
                0x10000ea8                hardware_alarm_cancel
 .text.lock_init
                0x10000ee4       0x10 CMakeFiles/spi_slave.dir/C_/VSARM/sdk/pico/pico-sdk/src/common/pico_sync/lock_core.c.obj
                0x10000ee4                lock_init
 .text.mutex_init
                0x10000ef4       0x1c CMakeFiles/spi_slave.dir/C_/VSARM/sdk/pico/pico-sdk/src/common/pico_sync/mutex.c.obj
                0x10000ef4                mutex_init
 .text.recursive_mutex_init
                0x10000f10       0x1c CMakeFiles/spi_slave.dir/C_/VSARM/sdk/pico/pico-sdk/src/common/pico_sync/mutex.c.obj
                0x10000f10                recursive_mutex_init
 .text.critical_section_init
                0x10000f2c       0x20 CMakeFiles/spi_slave.dir/C_/VSARM/sdk/pico/pico-sdk/src/common/pico_sync/critical_section.c.obj
                0x10000f2c                critical_section_init
 .text.ph_merge_nodes
                0x10000f4c       0x68 CMakeFiles/spi_slave.dir/C_/VSARM/sdk/pico/pico-sdk/src/common/pico_util/pheap.c.obj
 .text.ph_post_alloc_init
                0x10000fb4       0x3c CMakeFiles/spi_slave.dir/C_/VSARM/sdk/pico/pico-sdk/src/common/pico_util/pheap.c.obj
                0x10000fb4                ph_post_alloc_init
 .text.ph_merge_two_pass
                0x10000ff0       0x90 CMakeFiles/spi_slave.dir/C_/VSARM/sdk/pico/pico-sdk/src/common/pico_util/pheap.c.obj
                0x10000ff0                ph_merge_two_pass
 .text.ph_remove_any_head
                0x10001080       0xf8 CMakeFiles/spi_slave.dir/C_/VSARM/sdk/pico/pico-sdk/src/common/pico_util/pheap.c.obj
 .text.ph_remove_head
                0x10001178       0xfc CMakeFiles/spi_slave.dir/C_/VSARM/sdk/pico/pico-sdk/src/common/pico_util/pheap.c.obj
                0x10001178                ph_remove_head
 .text.ph_remove_and_free_node
                0x10001274       0x7c CMakeFiles/spi_slave.dir/C_/VSARM/sdk/pico/pico-sdk/src/common/pico_util/pheap.c.obj
                0x10001274                ph_remove_and_free_node
 .text.runtime_init
                0x100012f0       0xf0 CMakeFiles/spi_slave.dir/C_/VSARM/sdk/pico/pico-sdk/src/rp2_common/pico_runtime/runtime.c.obj
                0x100012f0                runtime_init
 .text.exit     0x100013e0        0x4 CMakeFiles/spi_slave.dir/C_/VSARM/sdk/pico/pico-sdk/src/rp2_common/pico_runtime/runtime.c.obj
                0x100013e0                exit
 .text.panic    0x100013e4       0x30 CMakeFiles/spi_slave.dir/C_/VSARM/sdk/pico/pico-sdk/src/rp2_common/pico_runtime/runtime.c.obj
                0x100013e4                panic
 .text.hard_assertion_failure
                0x10001414        0xc CMakeFiles/spi_slave.dir/C_/VSARM/sdk/pico/pico-sdk/src/rp2_common/pico_runtime/runtime.c.obj
                0x10001414                hard_assertion_failure
 .text.clocks_init
                0x10001420      0x2bc CMakeFiles/spi_slave.dir/C_/VSARM/sdk/pico/pico-sdk/src/rp2_common/hardware_clocks/clocks.c.obj
                0x10001420                clocks_init
 .text.clock_get_hz
                0x100016dc        0xc CMakeFiles/spi_slave.dir/C_/VSARM/sdk/pico/pico-sdk/src/rp2_common/hardware_clocks/clocks.c.obj
                0x100016dc                clock_get_hz
 .text.irq_set_enabled
                0x100016e8       0x24 CMakeFiles/spi_slave.dir/C_/VSARM/sdk/pico/pico-sdk/src/rp2_common/hardware_irq/irq.c.obj
                0x100016e8                irq_set_enabled
 .text.irq_is_enabled
                0x1000170c       0x18 CMakeFiles/spi_slave.dir/C_/VSARM/sdk/pico/pico-sdk/src/rp2_common/hardware_irq/irq.c.obj
                0x1000170c                irq_is_enabled
 .text.irq_set_pending
                0x10001724       0x10 CMakeFiles/spi_slave.dir/C_/VSARM/sdk/pico/pico-sdk/src/rp2_common/hardware_irq/irq.c.obj
                0x10001724                irq_set_pending
 .text.irq_get_vtable_handler
                0x10001734       0x10 CMakeFiles/spi_slave.dir/C_/VSARM/sdk/pico/pico-sdk/src/rp2_common/hardware_irq/irq.c.obj
                0x10001734                irq_get_vtable_handler
 .text.irq_set_exclusive_handler
                0x10001744       0x54 CMakeFiles/spi_slave.dir/C_/VSARM/sdk/pico/pico-sdk/src/rp2_common/hardware_irq/irq.c.obj
                0x10001744                irq_set_exclusive_handler
 .text.irq_remove_handler
                0x10001798      0x1b4 CMakeFiles/spi_slave.dir/C_/VSARM/sdk/pico/pico-sdk/src/rp2_common/hardware_irq/irq.c.obj
                0x10001798                irq_remove_handler
 .text.irq_add_tail_to_free_list
                0x1000194c       0xb4 CMakeFiles/spi_slave.dir/C_/VSARM/sdk/pico/pico-sdk/src/rp2_common/hardware_irq/irq.c.obj
                0x1000194c                irq_add_tail_to_free_list
 .text.irq_init_priorities
                0x10001a00       0x24 CMakeFiles/spi_slave.dir/C_/VSARM/sdk/pico/pico-sdk/src/rp2_common/hardware_irq/irq.c.obj
                0x10001a00                irq_init_priorities
 .text.pll_init
                0x10001a24       0xa8 CMakeFiles/spi_slave.dir/C_/VSARM/sdk/pico/pico-sdk/src/rp2_common/hardware_pll/pll.c.obj
                0x10001a24                pll_init
 .text.watchdog_start_tick
                0x10001acc       0x10 CMakeFiles/spi_slave.dir/C_/VSARM/sdk/pico/pico-sdk/src/rp2_common/hardware_watchdog/watchdog.c.obj
                0x10001acc                watchdog_start_tick
 .text.watchdog_reboot
                0x10001adc       0x98 CMakeFiles/spi_slave.dir/C_/VSARM/sdk/pico/pico-sdk/src/rp2_common/hardware_watchdog/watchdog.c.obj
                0x10001adc                watchdog_reboot
 .text.xosc_init
                0x10001b74       0x28 CMakeFiles/spi_slave.dir/C_/VSARM/sdk/pico/pico-sdk/src/rp2_common/hardware_xosc/xosc.c.obj
                0x10001b74                xosc_init
 .text._out_null
                0x10001b9c        0x4 CMakeFiles/spi_slave.dir/C_/VSARM/sdk/pico/pico-sdk/src/rp2_common/pico_printf/printf.c.obj
 .text._out_rev
                0x10001ba0       0x9c CMakeFiles/spi_slave.dir/C_/VSARM/sdk/pico/pico-sdk/src/rp2_common/pico_printf/printf.c.obj
 .text._ntoa_format
                0x10001c3c      0x1cc CMakeFiles/spi_slave.dir/C_/VSARM/sdk/pico/pico-sdk/src/rp2_common/pico_printf/printf.c.obj
 .text._out_char
                0x10001e08       0x10 CMakeFiles/spi_slave.dir/C_/VSARM/sdk/pico/pico-sdk/src/rp2_common/pico_printf/printf.c.obj
 .text._out_fct
                0x10001e18       0x10 CMakeFiles/spi_slave.dir/C_/VSARM/sdk/pico/pico-sdk/src/rp2_common/pico_printf/printf.c.obj
 .text._etoa    0x10001e28      0x44c CMakeFiles/spi_slave.dir/C_/VSARM/sdk/pico/pico-sdk/src/rp2_common/pico_printf/printf.c.obj
 .text._ftoa    0x10002274      0x398 CMakeFiles/spi_slave.dir/C_/VSARM/sdk/pico/pico-sdk/src/rp2_common/pico_printf/printf.c.obj
 .text._vsnprintf
                0x1000260c      0xb04 CMakeFiles/spi_slave.dir/C_/VSARM/sdk/pico/pico-sdk/src/rp2_common/pico_printf/printf.c.obj
 .text.vfctprintf
                0x10003110       0x20 CMakeFiles/spi_slave.dir/C_/VSARM/sdk/pico/pico-sdk/src/rp2_common/pico_printf/printf.c.obj
                0x10003110                vfctprintf
 .text.weak_raw_vprintf
                0x10003130       0x30 CMakeFiles/spi_slave.dir/C_/VSARM/sdk/pico/pico-sdk/src/rp2_common/pico_printf/printf.c.obj
                0x10003130                weak_raw_vprintf
 .text          0x10003160       0x10 CMakeFiles/spi_slave.dir/C_/VSARM/sdk/pico/pico-sdk/src/rp2_common/pico_bit_ops/bit_ops_aeabi.S.obj
 .text.rom_func_lookup
                0x10003170       0x10 CMakeFiles/spi_slave.dir/C_/VSARM/sdk/pico/pico-sdk/src/rp2_common/pico_bootrom/bootrom.c.obj
                0x10003170                rom_func_lookup
 .text.rom_data_lookup
                0x10003180       0x10 CMakeFiles/spi_slave.dir/C_/VSARM/sdk/pico/pico-sdk/src/rp2_common/pico_bootrom/bootrom.c.obj
                0x10003180                rom_data_lookup
 .text.rom_funcs_lookup
                0x10003190       0x44 CMakeFiles/spi_slave.dir/C_/VSARM/sdk/pico/pico-sdk/src/rp2_common/pico_bootrom/bootrom.c.obj
                0x10003190                rom_funcs_lookup
 .text.__wrap___aeabi_idiv
                0x100031d4       0x50 CMakeFiles/spi_slave.dir/C_/VSARM/sdk/pico/pico-sdk/src/rp2_common/pico_divider/divider.S.obj
                0x100031d4                __wrap___aeabi_idivmod
                0x100031d4                divmod_s32s32
                0x100031d4                div_s32s32
                0x100031d4                __wrap___aeabi_idiv
                0x100031dc                divmod_s32s32_unsafe
                0x10003208                divmod_s32s32_savestate
 .text.__wrap___aeabi_uidiv
                0x10003224       0x4c CMakeFiles/spi_slave.dir/C_/VSARM/sdk/pico/pico-sdk/src/rp2_common/pico_divider/divider.S.obj
                0x10003224                __wrap___aeabi_uidiv
                0x10003224                __wrap___aeabi_uidivmod
                0x10003224                div_u32u32
                0x10003224                divmod_u32u32
                0x1000322c                divmod_u32u32_unsafe
                0x10003254                divmod_u32u32_savestate
 .text.__wrap___aeabi_ldiv
                0x10003270      0x434 CMakeFiles/spi_slave.dir/C_/VSARM/sdk/pico/pico-sdk/src/rp2_common/pico_divider/divider.S.obj
                0x10003270                div_s64s64
                0x10003270                divmod_s64s64
                0x10003270                __wrap___aeabi_ldivmod
                0x100032a8                divmod_u64u64
                0x100032a8                div_u64u64
                0x100032a8                __wrap___aeabi_uldivmod
                0x100032b8                divmod_u64u64_savestate
                0x100032e0                divmod_s64s64_unsafe
                0x10003368                divmod_u64u64_unsafe
 .text.__wrap___aeabi_darithmetic
                0x100036a4       0x80 CMakeFiles/spi_slave.dir/C_/VSARM/sdk/pico/pico-sdk/src/rp2_common/pico_double/double_aeabi.S.obj
                0x100036a4                __wrap___aeabi_drsub
                0x100036aa                __wrap___aeabi_dsub
                0x100036bc                __wrap___aeabi_dadd
                0x100036ce                __wrap___aeabi_ddiv
                0x1000370a                __wrap___aeabi_dmul
 .text.__wrap___aeabi_cdcmple
                0x10003724       0x6c CMakeFiles/spi_slave.dir/C_/VSARM/sdk/pico/pico-sdk/src/rp2_common/pico_double/double_aeabi.S.obj
                0x10003724                __wrap___aeabi_cdrcmple
                0x10003734                __wrap___aeabi_cdcmpeq
                0x10003734                __wrap___aeabi_cdcmple
 .text.__wrap___aeabi_dcmplt
                0x10003790        0xc CMakeFiles/spi_slave.dir/C_/VSARM/sdk/pico/pico-sdk/src/rp2_common/pico_double/double_aeabi.S.obj
                0x10003790                __wrap___aeabi_dcmplt
 .text.__wrap___aeabi_dcmple
                0x1000379c       0x10 CMakeFiles/spi_slave.dir/C_/VSARM/sdk/pico/pico-sdk/src/rp2_common/pico_double/double_aeabi.S.obj
                0x1000379c                __wrap___aeabi_dcmple
 .text.__wrap___aeabi_dcmpge
                0x100037ac       0x10 CMakeFiles/spi_slave.dir/C_/VSARM/sdk/pico/pico-sdk/src/rp2_common/pico_double/double_aeabi.S.obj
                0x100037ac                __wrap___aeabi_dcmpge
 .text.__wrap___aeabi_dcmpgt
                0x100037bc        0xa CMakeFiles/spi_slave.dir/C_/VSARM/sdk/pico/pico-sdk/src/rp2_common/pico_double/double_aeabi.S.obj
                0x100037bc                __wrap___aeabi_dcmpgt
 .text.__wrap___aeabi_dcmpun
                0x100037c6       0x1c CMakeFiles/spi_slave.dir/C_/VSARM/sdk/pico/pico-sdk/src/rp2_common/pico_double/double_aeabi.S.obj
                0x100037c6                __wrap___aeabi_dcmpun
 *fill*         0x100037e2        0x2 
 .text.__wrap___aeabi_i2d
                0x100037e4       0x38 CMakeFiles/spi_slave.dir/C_/VSARM/sdk/pico/pico-sdk/src/rp2_common/pico_double/double_aeabi.S.obj
                0x100037e4                __wrap___aeabi_ui2d
                0x100037ec                __wrap___aeabi_i2d
 .text.__wrap___aeabi_d2iz
                0x1000381c       0x48 CMakeFiles/spi_slave.dir/C_/VSARM/sdk/pico/pico-sdk/src/rp2_common/pico_double/double_aeabi.S.obj
                0x1000381c                double2int_z
                0x1000381c                __wrap___aeabi_d2iz
 .text.__wrap___aeabi_d2uiz
                0x10003864       0x18 CMakeFiles/spi_slave.dir/C_/VSARM/sdk/pico/pico-sdk/src/rp2_common/pico_double/double_aeabi.S.obj
                0x10003864                __wrap___aeabi_d2uiz
                0x10003864                double2uint
 .text.__aeabi_double_init
                0x1000387c       0x94 CMakeFiles/spi_slave.dir/C_/VSARM/sdk/pico/pico-sdk/src/rp2_common/pico_double/double_init_rom.c.obj
                0x1000387c                __aeabi_double_init
 .text.double_table_shim_on_use_helper
                0x10003910       0x2c CMakeFiles/spi_slave.dir/C_/VSARM/sdk/pico/pico-sdk/src/rp2_common/pico_double/double_v1_rom_shim.S.obj
                0x10003910                double_table_shim_on_use_helper
 .text.__wrap___aeabi_dsub
                0x1000393c       0x10 CMakeFiles/spi_slave.dir/C_/VSARM/sdk/pico/pico-sdk/src/rp2_common/pico_double/double_v1_rom_shim.S.obj
                0x1000393c                drsub_shim
                0x10003942                dsub_shim
 .text.dadd_shim
                0x1000394c      0x15c CMakeFiles/spi_slave.dir/C_/VSARM/sdk/pico/pico-sdk/src/rp2_common/pico_double/double_v1_rom_shim.S.obj
                0x1000394c                dadd_shim
 .text.dmul_shim
                0x10003aa8      0x15c CMakeFiles/spi_slave.dir/C_/VSARM/sdk/pico/pico-sdk/src/rp2_common/pico_double/double_v1_rom_shim.S.obj
                0x10003aa8                dmul_shim
 .text.ddiv_shim
                0x10003c04      0x1b0 CMakeFiles/spi_slave.dir/C_/VSARM/sdk/pico/pico-sdk/src/rp2_common/pico_double/double_v1_rom_shim.S.obj
                0x10003c04                ddiv_shim
 .text.double2uint_shim
                0x10003db4        0xe CMakeFiles/spi_slave.dir/C_/VSARM/sdk/pico/pico-sdk/src/rp2_common/pico_double/double_v1_rom_shim.S.obj
                0x10003db4                double2uint_shim
                0x10003db6                double2ufix_shim
 *fill*         0x10003dc2        0x2 
 .text.double2uint64_shim
                0x10003dc4       0x70 CMakeFiles/spi_slave.dir/C_/VSARM/sdk/pico/pico-sdk/src/rp2_common/pico_double/double_v1_rom_shim.S.obj
                0x10003dc4                double2uint64_shim
                0x10003dc6                double2ufix64_shim
                0x10003de6                d2fix_a
 .text.dunpacks
                0x10003e34       0x3c CMakeFiles/spi_slave.dir/C_/VSARM/sdk/pico/pico-sdk/src/rp2_common/pico_double/double_v1_rom_shim.S.obj
                0x10003e34                dunpacks
 .text.__aeabi_lmul
                0x10003e70       0x32 CMakeFiles/spi_slave.dir/C_/VSARM/sdk/pico/pico-sdk/src/rp2_common/pico_int64_ops/pico_int64_ops_aeabi.S.obj
                0x10003e70                __wrap___aeabi_lmul
 *fill*         0x10003ea2        0x2 
 .text.__aeabi_float_init
                0x10003ea4       0x64 CMakeFiles/spi_slave.dir/C_/VSARM/sdk/pico/pico-sdk/src/rp2_common/pico_float/float_init_rom.c.obj
                0x10003ea4                __aeabi_float_init
 .text.float_table_shim_on_use_helper
                0x10003f08       0x2c CMakeFiles/spi_slave.dir/C_/VSARM/sdk/pico/pico-sdk/src/rp2_common/pico_float/float_v1_rom_shim.S.obj
                0x10003f08                float_table_shim_on_use_helper
 .text          0x10003f34       0x10 CMakeFiles/spi_slave.dir/C_/VSARM/sdk/pico/pico-sdk/src/rp2_common/pico_mem_ops/mem_ops_aeabi.S.obj
                0x10003f34                __aeabi_mem_init
 .text.memset   0x10003f44        0xc CMakeFiles/spi_slave.dir/C_/VSARM/sdk/pico/pico-sdk/src/rp2_common/pico_mem_ops/mem_ops_aeabi.S.obj
                0x10003f44                __wrap_memset
 .text.memcpy   0x10003f50        0xc CMakeFiles/spi_slave.dir/C_/VSARM/sdk/pico/pico-sdk/src/rp2_common/pico_mem_ops/mem_ops_aeabi.S.obj
                0x10003f50                __wrap_memcpy
                0x10003f50                __wrap___aeabi_memcpy
 .text.stdio_out_chars_no_crlf
                0x10003f5c       0x10 CMakeFiles/spi_slave.dir/C_/VSARM/sdk/pico/pico-sdk/src/rp2_common/pico_stdio/stdio.c.obj
 .text.stdio_out_chars_crlf
                0x10003f6c       0xb4 CMakeFiles/spi_slave.dir/C_/VSARM/sdk/pico/pico-sdk/src/rp2_common/pico_stdio/stdio.c.obj
 .text.stdio_buffered_printer
                0x10004020       0x64 CMakeFiles/spi_slave.dir/C_/VSARM/sdk/pico/pico-sdk/src/rp2_common/pico_stdio/stdio.c.obj
 .text.stdio_put_string.isra.0
                0x10004084       0xfc CMakeFiles/spi_slave.dir/C_/VSARM/sdk/pico/pico-sdk/src/rp2_common/pico_stdio/stdio.c.obj
 .text.__wrap_putchar
                0x10004180       0xa0 CMakeFiles/spi_slave.dir/C_/VSARM/sdk/pico/pico-sdk/src/rp2_common/pico_stdio/stdio.c.obj
                0x10004180                __wrap_putchar
 .text.__wrap_puts
                0x10004220       0x3c CMakeFiles/spi_slave.dir/C_/VSARM/sdk/pico/pico-sdk/src/rp2_common/pico_stdio/stdio.c.obj
                0x10004220                __wrap_puts
 .text.stdio_set_driver_enabled
                0x1000425c       0x3c CMakeFiles/spi_slave.dir/C_/VSARM/sdk/pico/pico-sdk/src/rp2_common/pico_stdio/stdio.c.obj
                0x1000425c                stdio_set_driver_enabled
 .text.__wrap_vprintf
                0x10004298       0xd8 CMakeFiles/spi_slave.dir/C_/VSARM/sdk/pico/pico-sdk/src/rp2_common/pico_stdio/stdio.c.obj
                0x10004298                __wrap_vprintf
 .text.__wrap_printf
                0x10004370       0x18 CMakeFiles/spi_slave.dir/C_/VSARM/sdk/pico/pico-sdk/src/rp2_common/pico_stdio/stdio.c.obj
                0x10004370                __wrap_printf
 .text.stdio_init_all
                0x10004388        0x8 CMakeFiles/spi_slave.dir/C_/VSARM/sdk/pico/pico-sdk/src/rp2_common/pico_stdio/stdio.c.obj
                0x10004388                stdio_init_all
 .text.resetd_init
                0x10004390        0x4 CMakeFiles/spi_slave.dir/C_/VSARM/sdk/pico/pico-sdk/src/rp2_common/pico_stdio_usb/reset_interface.c.obj
 .text.resetd_reset
                0x10004394        0xc CMakeFiles/spi_slave.dir/C_/VSARM/sdk/pico/pico-sdk/src/rp2_common/pico_stdio_usb/reset_interface.c.obj
 .text.resetd_open
                0x100043a0       0x28 CMakeFiles/spi_slave.dir/C_/VSARM/sdk/pico/pico-sdk/src/rp2_common/pico_stdio_usb/reset_interface.c.obj
 .text.resetd_xfer_cb
                0x100043c8        0x4 CMakeFiles/spi_slave.dir/C_/VSARM/sdk/pico/pico-sdk/src/rp2_common/pico_stdio_usb/reset_interface.c.obj
 .text.resetd_control_xfer_cb
                0x100043cc       0x64 CMakeFiles/spi_slave.dir/C_/VSARM/sdk/pico/pico-sdk/src/rp2_common/pico_stdio_usb/reset_interface.c.obj
 .text.usbd_app_driver_get_cb
                0x10004430        0xc CMakeFiles/spi_slave.dir/C_/VSARM/sdk/pico/pico-sdk/src/rp2_common/pico_stdio_usb/reset_interface.c.obj
                0x10004430                usbd_app_driver_get_cb
 .text.tud_cdc_line_coding_cb
                0x1000443c       0x34 CMakeFiles/spi_slave.dir/C_/VSARM/sdk/pico/pico-sdk/src/rp2_common/pico_stdio_usb/reset_interface.c.obj
                0x1000443c                tud_cdc_line_coding_cb
 .text.stdio_usb_in_chars
                0x10004470       0x68 CMakeFiles/spi_slave.dir/C_/VSARM/sdk/pico/pico-sdk/src/rp2_common/pico_stdio_usb/stdio_usb.c.obj
                0x10004470                stdio_usb_in_chars
 .text.stdio_usb_out_chars
                0x100044d8       0xe4 CMakeFiles/spi_slave.dir/C_/VSARM/sdk/pico/pico-sdk/src/rp2_common/pico_stdio_usb/stdio_usb.c.obj
 .text.timer_task
                0x100045bc       0x10 CMakeFiles/spi_slave.dir/C_/VSARM/sdk/pico/pico-sdk/src/rp2_common/pico_stdio_usb/stdio_usb.c.obj
 .text.low_priority_worker_irq
                0x100045cc       0x24 CMakeFiles/spi_slave.dir/C_/VSARM/sdk/pico/pico-sdk/src/rp2_common/pico_stdio_usb/stdio_usb.c.obj
 .text.stdio_usb_init
                0x100045f0       0x90 CMakeFiles/spi_slave.dir/C_/VSARM/sdk/pico/pico-sdk/src/rp2_common/pico_stdio_usb/stdio_usb.c.obj
                0x100045f0                stdio_usb_init
 .text.tud_descriptor_device_cb
                0x10004680        0x8 CMakeFiles/spi_slave.dir/C_/VSARM/sdk/pico/pico-sdk/src/rp2_common/pico_stdio_usb/stdio_usb_descriptors.c.obj
                0x10004680                tud_descriptor_device_cb
 .text.tud_descriptor_configuration_cb
                0x10004688        0x8 CMakeFiles/spi_slave.dir/C_/VSARM/sdk/pico/pico-sdk/src/rp2_common/pico_stdio_usb/stdio_usb_descriptors.c.obj
                0x10004688                tud_descriptor_configuration_cb
 .text.tud_descriptor_string_cb
                0x10004690       0x74 CMakeFiles/spi_slave.dir/C_/VSARM/sdk/pico/pico-sdk/src/rp2_common/pico_stdio_usb/stdio_usb_descriptors.c.obj
                0x10004690                tud_descriptor_string_cb
 .text.dcd_rp2040_irq
                0x10004704      0x21c CMakeFiles/spi_slave.dir/C_/VSARM/sdk/pico/pico-sdk/lib/tinyusb/src/portable/raspberrypi/rp2040/dcd_rp2040.c.obj
 .text.dcd_int_enable
                0x10004920        0xc CMakeFiles/spi_slave.dir/C_/VSARM/sdk/pico/pico-sdk/lib/tinyusb/src/portable/raspberrypi/rp2040/dcd_rp2040.c.obj
                0x10004920                dcd_int_enable
 .text.dcd_set_address
                0x1000492c       0x14 CMakeFiles/spi_slave.dir/C_/VSARM/sdk/pico/pico-sdk/lib/tinyusb/src/portable/raspberrypi/rp2040/dcd_rp2040.c.obj
                0x1000492c                dcd_set_address
 .text.dcd_connect
                0x10004940       0x10 CMakeFiles/spi_slave.dir/C_/VSARM/sdk/pico/pico-sdk/lib/tinyusb/src/portable/raspberrypi/rp2040/dcd_rp2040.c.obj
                0x10004940                dcd_connect
 .text.dcd_init
                0x10004950      0x144 CMakeFiles/spi_slave.dir/C_/VSARM/sdk/pico/pico-sdk/lib/tinyusb/src/portable/raspberrypi/rp2040/dcd_rp2040.c.obj
                0x10004950                dcd_init
 .text.dcd_edpt0_status_complete
                0x10004a94       0x1c CMakeFiles/spi_slave.dir/C_/VSARM/sdk/pico/pico-sdk/lib/tinyusb/src/portable/raspberrypi/rp2040/dcd_rp2040.c.obj
                0x10004a94                dcd_edpt0_status_complete
 .text.dcd_edpt_open
                0x10004ab0       0xf0 CMakeFiles/spi_slave.dir/C_/VSARM/sdk/pico/pico-sdk/lib/tinyusb/src/portable/raspberrypi/rp2040/dcd_rp2040.c.obj
                0x10004ab0                dcd_edpt_open
 .text.dcd_edpt_close_all
                0x10004ba0       0xbc CMakeFiles/spi_slave.dir/C_/VSARM/sdk/pico/pico-sdk/lib/tinyusb/src/portable/raspberrypi/rp2040/dcd_rp2040.c.obj
                0x10004ba0                dcd_edpt_close_all
 .text.dcd_edpt_xfer
                0x10004c5c       0x24 CMakeFiles/spi_slave.dir/C_/VSARM/sdk/pico/pico-sdk/lib/tinyusb/src/portable/raspberrypi/rp2040/dcd_rp2040.c.obj
                0x10004c5c                dcd_edpt_xfer
 .text.dcd_edpt_stall
                0x10004c80       0x38 CMakeFiles/spi_slave.dir/C_/VSARM/sdk/pico/pico-sdk/lib/tinyusb/src/portable/raspberrypi/rp2040/dcd_rp2040.c.obj
                0x10004c80                dcd_edpt_stall
 .text.dcd_edpt_clear_stall
                0x10004cb8       0x30 CMakeFiles/spi_slave.dir/C_/VSARM/sdk/pico/pico-sdk/lib/tinyusb/src/portable/raspberrypi/rp2040/dcd_rp2040.c.obj
                0x10004cb8                dcd_edpt_clear_stall
 .text._hw_endpoint_buffer_control_update32.part.0.isra.0
                0x10004ce8       0x1c CMakeFiles/spi_slave.dir/C_/VSARM/sdk/pico/pico-sdk/lib/tinyusb/src/portable/raspberrypi/rp2040/rp2040_usb.c.obj
 .text.rp2040_usb_init
                0x10004d04       0x4c CMakeFiles/spi_slave.dir/C_/VSARM/sdk/pico/pico-sdk/lib/tinyusb/src/portable/raspberrypi/rp2040/rp2040_usb.c.obj
                0x10004d04                rp2040_usb_init
 .text.hw_endpoint_reset_transfer
                0x10004d50        0xc CMakeFiles/spi_slave.dir/C_/VSARM/sdk/pico/pico-sdk/lib/tinyusb/src/portable/raspberrypi/rp2040/rp2040_usb.c.obj
                0x10004d50                hw_endpoint_reset_transfer
 .text._hw_endpoint_buffer_control_update32
                0x10004d5c       0x44 CMakeFiles/spi_slave.dir/C_/VSARM/sdk/pico/pico-sdk/lib/tinyusb/src/portable/raspberrypi/rp2040/rp2040_usb.c.obj
                0x10004d5c                _hw_endpoint_buffer_control_update32
 .text.hw_endpoint_xfer_start
                0x10004da0      0x138 CMakeFiles/spi_slave.dir/C_/VSARM/sdk/pico/pico-sdk/lib/tinyusb/src/portable/raspberrypi/rp2040/rp2040_usb.c.obj
                0x10004da0                hw_endpoint_xfer_start
 .text.hw_endpoint_xfer_continue
                0x10004ed8      0x1e4 CMakeFiles/spi_slave.dir/C_/VSARM/sdk/pico/pico-sdk/lib/tinyusb/src/portable/raspberrypi/rp2040/rp2040_usb.c.obj
                0x10004ed8                hw_endpoint_xfer_continue
 .text.tud_mounted
                0x100050bc       0x10 CMakeFiles/spi_slave.dir/C_/VSARM/sdk/pico/pico-sdk/lib/tinyusb/src/device/usbd.c.obj
                0x100050bc                tud_mounted
 .text.tud_suspended
                0x100050cc       0x10 CMakeFiles/spi_slave.dir/C_/VSARM/sdk/pico/pico-sdk/lib/tinyusb/src/device/usbd.c.obj
                0x100050cc                tud_suspended
 .text.tud_inited
                0x100050dc        0xc CMakeFiles/spi_slave.dir/C_/VSARM/sdk/pico/pico-sdk/lib/tinyusb/src/device/usbd.c.obj
                0x100050dc                tud_inited
 .text.tud_init
                0x100050e8       0xd8 CMakeFiles/spi_slave.dir/C_/VSARM/sdk/pico/pico-sdk/lib/tinyusb/src/device/usbd.c.obj
                0x100050e8                tud_init
 .text.tud_task
                0x100051c0      0x8ec CMakeFiles/spi_slave.dir/C_/VSARM/sdk/pico/pico-sdk/lib/tinyusb/src/device/usbd.c.obj
                0x100051c0                tud_task
 .text.dcd_event_bus_signal
                0x10005aac      0x120 CMakeFiles/spi_slave.dir/C_/VSARM/sdk/pico/pico-sdk/lib/tinyusb/src/device/usbd.c.obj
                0x10005aac                dcd_event_bus_signal
 .text.dcd_event_bus_reset
                0x10005bcc       0x54 CMakeFiles/spi_slave.dir/C_/VSARM/sdk/pico/pico-sdk/lib/tinyusb/src/device/usbd.c.obj
                0x10005bcc                dcd_event_bus_reset
 .text.dcd_event_setup_received
                0x10005c20       0x50 CMakeFiles/spi_slave.dir/C_/VSARM/sdk/pico/pico-sdk/lib/tinyusb/src/device/usbd.c.obj
                0x10005c20                dcd_event_setup_received
 .text.dcd_event_xfer_complete
                0x10005c70       0x68 CMakeFiles/spi_slave.dir/C_/VSARM/sdk/pico/pico-sdk/lib/tinyusb/src/device/usbd.c.obj
                0x10005c70                dcd_event_xfer_complete
 .text.usbd_open_edpt_pair
                0x10005cd8       0x80 CMakeFiles/spi_slave.dir/C_/VSARM/sdk/pico/pico-sdk/lib/tinyusb/src/device/usbd.c.obj
                0x10005cd8                usbd_open_edpt_pair
 .text.usbd_edpt_open
                0x10005d58       0x30 CMakeFiles/spi_slave.dir/C_/VSARM/sdk/pico/pico-sdk/lib/tinyusb/src/device/usbd.c.obj
                0x10005d58                usbd_edpt_open
 .text.usbd_edpt_claim
                0x10005d88       0x64 CMakeFiles/spi_slave.dir/C_/VSARM/sdk/pico/pico-sdk/lib/tinyusb/src/device/usbd.c.obj
                0x10005d88                usbd_edpt_claim
 .text.usbd_edpt_release
                0x10005dec       0x4c CMakeFiles/spi_slave.dir/C_/VSARM/sdk/pico/pico-sdk/lib/tinyusb/src/device/usbd.c.obj
                0x10005dec                usbd_edpt_release
 .text.usbd_edpt_xfer
                0x10005e38       0x48 CMakeFiles/spi_slave.dir/C_/VSARM/sdk/pico/pico-sdk/lib/tinyusb/src/device/usbd.c.obj
                0x10005e38                usbd_edpt_xfer
 .text.tud_control_status
                0x10005e80       0x30 CMakeFiles/spi_slave.dir/C_/VSARM/sdk/pico/pico-sdk/lib/tinyusb/src/device/usbd_control.c.obj
                0x10005e80                tud_control_status
 .text.tud_control_xfer
                0x10005eb0       0xbc CMakeFiles/spi_slave.dir/C_/VSARM/sdk/pico/pico-sdk/lib/tinyusb/src/device/usbd_control.c.obj
                0x10005eb0                tud_control_xfer
 .text.usbd_control_reset
                0x10005f6c       0x14 CMakeFiles/spi_slave.dir/C_/VSARM/sdk/pico/pico-sdk/lib/tinyusb/src/device/usbd_control.c.obj
                0x10005f6c                usbd_control_reset
 .text.usbd_control_set_complete_callback
                0x10005f80        0xc CMakeFiles/spi_slave.dir/C_/VSARM/sdk/pico/pico-sdk/lib/tinyusb/src/device/usbd_control.c.obj
                0x10005f80                usbd_control_set_complete_callback
 .text.usbd_control_set_request
                0x10005f8c       0x1c CMakeFiles/spi_slave.dir/C_/VSARM/sdk/pico/pico-sdk/lib/tinyusb/src/device/usbd_control.c.obj
                0x10005f8c                usbd_control_set_request
 .text.usbd_control_xfer_cb
                0x10005fa8       0xfc CMakeFiles/spi_slave.dir/C_/VSARM/sdk/pico/pico-sdk/lib/tinyusb/src/device/usbd_control.c.obj
                0x10005fa8                usbd_control_xfer_cb
 .text.tud_cdc_n_connected
                0x100060a4       0x30 CMakeFiles/spi_slave.dir/C_/VSARM/sdk/pico/pico-sdk/lib/tinyusb/src/class/cdc/cdc_device.c.obj
                0x100060a4                tud_cdc_n_connected
 .text.tud_cdc_n_available
                0x100060d4       0x18 CMakeFiles/spi_slave.dir/C_/VSARM/sdk/pico/pico-sdk/lib/tinyusb/src/class/cdc/cdc_device.c.obj
                0x100060d4                tud_cdc_n_available
 .text.tud_cdc_n_read
                0x100060ec       0x70 CMakeFiles/spi_slave.dir/C_/VSARM/sdk/pico/pico-sdk/lib/tinyusb/src/class/cdc/cdc_device.c.obj
                0x100060ec                tud_cdc_n_read
 .text.tud_cdc_n_write_flush
                0x1000615c       0x78 CMakeFiles/spi_slave.dir/C_/VSARM/sdk/pico/pico-sdk/lib/tinyusb/src/class/cdc/cdc_device.c.obj
                0x1000615c                tud_cdc_n_write_flush
 .text.tud_cdc_n_write
                0x100061d4       0x34 CMakeFiles/spi_slave.dir/C_/VSARM/sdk/pico/pico-sdk/lib/tinyusb/src/class/cdc/cdc_device.c.obj
                0x100061d4                tud_cdc_n_write
 .text.tud_cdc_n_write_available
                0x10006208       0x18 CMakeFiles/spi_slave.dir/C_/VSARM/sdk/pico/pico-sdk/lib/tinyusb/src/class/cdc/cdc_device.c.obj
                0x10006208                tud_cdc_n_write_available
 .text.cdcd_init
                0x10006220       0x7c CMakeFiles/spi_slave.dir/C_/VSARM/sdk/pico/pico-sdk/lib/tinyusb/src/class/cdc/cdc_device.c.obj
                0x10006220                cdcd_init
 .text.cdcd_reset
                0x1000629c       0x2c CMakeFiles/spi_slave.dir/C_/VSARM/sdk/pico/pico-sdk/lib/tinyusb/src/class/cdc/cdc_device.c.obj
                0x1000629c                cdcd_reset
 .text.cdcd_open
                0x100062c8       0xe4 CMakeFiles/spi_slave.dir/C_/VSARM/sdk/pico/pico-sdk/lib/tinyusb/src/class/cdc/cdc_device.c.obj
                0x100062c8                cdcd_open
 .text.cdcd_control_xfer_cb
                0x100063ac       0xe4 CMakeFiles/spi_slave.dir/C_/VSARM/sdk/pico/pico-sdk/lib/tinyusb/src/class/cdc/cdc_device.c.obj
                0x100063ac                cdcd_control_xfer_cb
 .text.cdcd_xfer_cb
                0x10006490      0x148 CMakeFiles/spi_slave.dir/C_/VSARM/sdk/pico/pico-sdk/lib/tinyusb/src/class/cdc/cdc_device.c.obj
                0x10006490                cdcd_xfer_cb
 .text.tusb_init
                0x100065d8        0xc CMakeFiles/spi_slave.dir/C_/VSARM/sdk/pico/pico-sdk/lib/tinyusb/src/tusb.c.obj
                0x100065d8                tusb_init
 .text.tusb_inited
                0x100065e4        0x8 CMakeFiles/spi_slave.dir/C_/VSARM/sdk/pico/pico-sdk/lib/tinyusb/src/tusb.c.obj
                0x100065e4                tusb_inited
 .text.tu_edpt_validate
                0x100065ec       0x78 CMakeFiles/spi_slave.dir/C_/VSARM/sdk/pico/pico-sdk/lib/tinyusb/src/tusb.c.obj
                0x100065ec                tu_edpt_validate
 .text.tu_edpt_bind_driver
                0x10006664       0x2c CMakeFiles/spi_slave.dir/C_/VSARM/sdk/pico/pico-sdk/lib/tinyusb/src/tusb.c.obj
                0x10006664                tu_edpt_bind_driver
 .text.tu_fifo_config
                0x10006690       0x78 CMakeFiles/spi_slave.dir/C_/VSARM/sdk/pico/pico-sdk/lib/tinyusb/src/common/tusb_fifo.c.obj
                0x10006690                tu_fifo_config
 .text.tu_fifo_count
                0x10006708       0x20 CMakeFiles/spi_slave.dir/C_/VSARM/sdk/pico/pico-sdk/lib/tinyusb/src/common/tusb_fifo.c.obj
                0x10006708                tu_fifo_count
 .text.tu_fifo_empty
                0x10006728       0x10 CMakeFiles/spi_slave.dir/C_/VSARM/sdk/pico/pico-sdk/lib/tinyusb/src/common/tusb_fifo.c.obj
                0x10006728                tu_fifo_empty
 .text.tu_fifo_remaining
                0x10006738       0x1c CMakeFiles/spi_slave.dir/C_/VSARM/sdk/pico/pico-sdk/lib/tinyusb/src/common/tusb_fifo.c.obj
                0x10006738                tu_fifo_remaining
 .text.tu_fifo_read
                0x10006754       0x9c CMakeFiles/spi_slave.dir/C_/VSARM/sdk/pico/pico-sdk/lib/tinyusb/src/common/tusb_fifo.c.obj
                0x10006754                tu_fifo_read
 .text.tu_fifo_read_n
                0x100067f0      0x100 CMakeFiles/spi_slave.dir/C_/VSARM/sdk/pico/pico-sdk/lib/tinyusb/src/common/tusb_fifo.c.obj
                0x100067f0                tu_fifo_read_n
 .text.tu_fifo_write
                0x100068f0       0x7c CMakeFiles/spi_slave.dir/C_/VSARM/sdk/pico/pico-sdk/lib/tinyusb/src/common/tusb_fifo.c.obj
                0x100068f0                tu_fifo_write
 .text.tu_fifo_write_n
                0x1000696c      0x100 CMakeFiles/spi_slave.dir/C_/VSARM/sdk/pico/pico-sdk/lib/tinyusb/src/common/tusb_fifo.c.obj
                0x1000696c                tu_fifo_write_n
 .text.tu_fifo_clear
                0x10006a6c       0x4c CMakeFiles/spi_slave.dir/C_/VSARM/sdk/pico/pico-sdk/lib/tinyusb/src/common/tusb_fifo.c.obj
                0x10006a6c                tu_fifo_clear
 .text.tu_fifo_set_overwritable
                0x10006ab8       0x3c CMakeFiles/spi_slave.dir/C_/VSARM/sdk/pico/pico-sdk/lib/tinyusb/src/common/tusb_fifo.c.obj
                0x10006ab8                tu_fifo_set_overwritable
 .text.startup._retrieve_unique_id_on_boot
                0x10006af4       0x10 CMakeFiles/spi_slave.dir/C_/VSARM/sdk/pico/pico-sdk/src/rp2_common/pico_unique_id/unique_id.c.obj
 .text.pico_get_unique_board_id_string
                0x10006b04      0x1a8 CMakeFiles/spi_slave.dir/C_/VSARM/sdk/pico/pico-sdk/src/rp2_common/pico_unique_id/unique_id.c.obj
                0x10006b04                pico_get_unique_board_id_string
 .text.flash_get_unique_id
                0x10006cac       0x40 CMakeFiles/spi_slave.dir/C_/VSARM/sdk/pico/pico-sdk/src/rp2_common/hardware_flash/flash.c.obj
                0x10006cac                flash_get_unique_id
 .text.spi_init
                0x10006cec       0xf8 CMakeFiles/spi_slave.dir/C_/VSARM/sdk/pico/pico-sdk/src/rp2_common/hardware_spi/spi.c.obj
                0x10006cec                spi_init
 .text.core1_trampoline
                0x10006de4        0x4 CMakeFiles/spi_slave.dir/C_/VSARM/sdk/pico/pico-sdk/src/rp2_common/pico_multicore/multicore.c.obj
 .text.core1_wrapper
                0x10006de8        0xc CMakeFiles/spi_slave.dir/C_/VSARM/sdk/pico/pico-sdk/src/rp2_common/pico_multicore/multicore.c.obj
                0x10006de8                core1_wrapper
 .text.multicore_fifo_push_blocking
                0x10006df4       0x14 CMakeFiles/spi_slave.dir/C_/VSARM/sdk/pico/pico-sdk/src/rp2_common/pico_multicore/multicore.c.obj
                0x10006df4                multicore_fifo_push_blocking
 .text.multicore_fifo_pop_blocking
                0x10006e08       0x1c CMakeFiles/spi_slave.dir/C_/VSARM/sdk/pico/pico-sdk/src/rp2_common/pico_multicore/multicore.c.obj
                0x10006e08                multicore_fifo_pop_blocking
 .text.multicore_launch_core1_raw
                0x10006e24       0x84 CMakeFiles/spi_slave.dir/C_/VSARM/sdk/pico/pico-sdk/src/rp2_common/pico_multicore/multicore.c.obj
                0x10006e24                multicore_launch_core1_raw
 .text.multicore_launch_core1
                0x10006ea8       0x4c CMakeFiles/spi_slave.dir/C_/VSARM/sdk/pico/pico-sdk/src/rp2_common/pico_multicore/multicore.c.obj
                0x10006ea8                multicore_launch_core1
 .text.strlen   0x10006ef4       0x5c c:/vsarm/armcc/102021~1.10/bin/../lib/gcc/arm-none-eabi/10.3.1/../../../../arm-none-eabi/lib/thumb/v6-m/nofp\libc.a(lib_a-strlen-stub.o)
                0x10006ef4                strlen
 *(.fini)
 .fini          0x10006f50        0x4 c:/vsarm/armcc/102021~1.10/bin/../lib/gcc/arm-none-eabi/10.3.1/thumb/v6-m/nofp/crti.o
                0x10006f50                _fini
 *fill*         0x10006f54        0x4 
 .fini.__stub   0x10006f58       0x80 linker stubs
 *crtbegin.o(.ctors)
 *crtbegin?.o(.ctors)
 *(EXCLUDE_FILE(*crtend.o *crtend?.o) .ctors)
 *(SORT_BY_NAME(.ctors.*))
 *(.ctors)
 *crtbegin.o(.dtors)
 *crtbegin?.o(.dtors)
 *(EXCLUDE_FILE(*crtend.o *crtend?.o) .dtors)
 *(SORT_BY_NAME(.dtors.*))
 *(.dtors)
 *(.eh_frame*)
 .eh_frame      0x10006fd8        0x0 c:/vsarm/armcc/102021~1.10/bin/../lib/gcc/arm-none-eabi/10.3.1/thumb/v6-m/nofp/crtbegin.o
                0x10006fd8                . = ALIGN (0x4)

.glue_7         0x10006fd8        0x0
 .glue_7        0x10006fd8        0x0 linker stubs

.glue_7t        0x10006fd8        0x0
 .glue_7t       0x10006fd8        0x0 linker stubs

.vfp11_veneer   0x10006fd8        0x0
 .vfp11_veneer  0x10006fd8        0x0 linker stubs

.v4_bx          0x10006fd8        0x0
 .v4_bx         0x10006fd8        0x0 linker stubs

.iplt           0x10006fd8        0x0
 .iplt          0x10006fd8        0x0 c:/vsarm/armcc/102021~1.10/bin/../lib/gcc/arm-none-eabi/10.3.1/thumb/v6-m/nofp/crtbegin.o

.rodata         0x10006fd8      0x518
 *(EXCLUDE_FILE(*libm.a: *libc.a:*lib_a-mem*.o *libgcc.a:) .rodata*)
 .rodata.core1_irq_handler.str1.4
                0x10006fd8       0x15 CMakeFiles/spi_slave.dir/main.c.obj
 *fill*         0x10006fed        0x3 
 .rodata.spin_lock_claim_unused.str1.4
                0x10006ff0       0x1b CMakeFiles/spi_slave.dir/C_/VSARM/sdk/pico/pico-sdk/src/rp2_common/hardware_sync/sync.c.obj
 *fill*         0x1000700b        0x1 
 .rodata.hardware_alarm_claim.str1.4
                0x1000700c       0x22 CMakeFiles/spi_slave.dir/C_/VSARM/sdk/pico/pico-sdk/src/rp2_common/hardware_timer/timer.c.obj
 *fill*         0x1000702e        0x2 
 .rodata.panic.str1.4
                0x10007030       0x12 CMakeFiles/spi_slave.dir/C_/VSARM/sdk/pico/pico-sdk/src/rp2_common/pico_runtime/runtime.c.obj
 *fill*         0x10007042        0x2 
 .rodata.hard_assertion_failure.str1.4
                0x10007044        0xc CMakeFiles/spi_slave.dir/C_/VSARM/sdk/pico/pico-sdk/src/rp2_common/pico_runtime/runtime.c.obj
 .rodata._ftoa.str1.4
                0x10007050       0x15 CMakeFiles/spi_slave.dir/C_/VSARM/sdk/pico/pico-sdk/src/rp2_common/pico_printf/printf.c.obj
 *fill*         0x10007065        0x3 
 .rodata._vsnprintf
                0x10007068      0x1e0 CMakeFiles/spi_slave.dir/C_/VSARM/sdk/pico/pico-sdk/src/rp2_common/pico_printf/printf.c.obj
 .rodata.pow10.0
                0x10007248       0x50 CMakeFiles/spi_slave.dir/C_/VSARM/sdk/pico/pico-sdk/src/rp2_common/pico_printf/printf.c.obj
 .rodata.str1.4
                0x10007298       0x40 CMakeFiles/spi_slave.dir/C_/VSARM/sdk/pico/pico-sdk/src/rp2_common/pico_standard_link/binary_info.c.obj
 .rodata.__bi_44
                0x100072d8        0xc CMakeFiles/spi_slave.dir/C_/VSARM/sdk/pico/pico-sdk/src/rp2_common/pico_standard_link/binary_info.c.obj
 .rodata.__bi_75
                0x100072e4        0xc CMakeFiles/spi_slave.dir/C_/VSARM/sdk/pico/pico-sdk/src/rp2_common/pico_standard_link/binary_info.c.obj
 .rodata.__bi_81
                0x100072f0        0xc CMakeFiles/spi_slave.dir/C_/VSARM/sdk/pico/pico-sdk/src/rp2_common/pico_standard_link/binary_info.c.obj
 .rodata.crlf_str.0
                0x100072fc        0x2 CMakeFiles/spi_slave.dir/C_/VSARM/sdk/pico/pico-sdk/src/rp2_common/pico_stdio/stdio.c.obj
 *fill*         0x100072fe        0x2 
 .rodata._resetd_driver
                0x10007300       0x18 CMakeFiles/spi_slave.dir/C_/VSARM/sdk/pico/pico-sdk/src/rp2_common/pico_stdio_usb/reset_interface.c.obj
 .rodata.str1.4
                0x10007318       0x13 CMakeFiles/spi_slave.dir/C_/VSARM/sdk/pico/pico-sdk/src/rp2_common/pico_stdio_usb/stdio_usb.c.obj
 *fill*         0x1000732b        0x1 
 .rodata.__bi_93.0
                0x1000732c        0xc CMakeFiles/spi_slave.dir/C_/VSARM/sdk/pico/pico-sdk/src/rp2_common/pico_stdio_usb/stdio_usb.c.obj
 .rodata.str1.4
                0x10007338       0x2a CMakeFiles/spi_slave.dir/C_/VSARM/sdk/pico/pico-sdk/src/rp2_common/pico_stdio_usb/stdio_usb_descriptors.c.obj
 *fill*         0x10007362        0x2 
 .rodata.usbd_desc_cfg
                0x10007364       0x54 CMakeFiles/spi_slave.dir/C_/VSARM/sdk/pico/pico-sdk/src/rp2_common/pico_stdio_usb/stdio_usb_descriptors.c.obj
 .rodata.usbd_desc_device
                0x100073b8       0x12 CMakeFiles/spi_slave.dir/C_/VSARM/sdk/pico/pico-sdk/src/rp2_common/pico_stdio_usb/stdio_usb_descriptors.c.obj
 *fill*         0x100073ca        0x2 
 .rodata.usbd_desc_str
                0x100073cc       0x18 CMakeFiles/spi_slave.dir/C_/VSARM/sdk/pico/pico-sdk/src/rp2_common/pico_stdio_usb/stdio_usb_descriptors.c.obj
 .rodata.dcd_rp2040_irq.str1.4
                0x100073e4       0x14 CMakeFiles/spi_slave.dir/C_/VSARM/sdk/pico/pico-sdk/lib/tinyusb/src/portable/raspberrypi/rp2040/dcd_rp2040.c.obj
 .rodata._hw_endpoint_buffer_control_update32.part.0.isra.0.str1.4
                0x100073f8       0x1f CMakeFiles/spi_slave.dir/C_/VSARM/sdk/pico/pico-sdk/lib/tinyusb/src/portable/raspberrypi/rp2040/rp2040_usb.c.obj
 *fill*         0x10007417        0x1 
 .rodata.hw_endpoint_xfer_continue.str1.4
                0x10007418       0x29 CMakeFiles/spi_slave.dir/C_/VSARM/sdk/pico/pico-sdk/lib/tinyusb/src/portable/raspberrypi/rp2040/rp2040_usb.c.obj
 *fill*         0x10007441        0x3 
 .rodata.str1.4
                0x10007444        0x7 CMakeFiles/spi_slave.dir/C_/VSARM/sdk/pico/pico-sdk/lib/tinyusb/src/portable/raspberrypi/rp2040/rp2040_usb.c.obj
 *fill*         0x1000744b        0x1 
 .rodata.tud_task
                0x1000744c       0x8c CMakeFiles/spi_slave.dir/C_/VSARM/sdk/pico/pico-sdk/lib/tinyusb/src/device/usbd.c.obj
 .rodata._usbd_driver
                0x100074d8       0x18 CMakeFiles/spi_slave.dir/C_/VSARM/sdk/pico/pico-sdk/lib/tinyusb/src/device/usbd.c.obj
                0x100074f0                . = ALIGN (0x4)
 *(SORT_BY_ALIGNMENT(SORT_BY_NAME(.flashdata*)))
                0x100074f0                . = ALIGN (0x4)

.rel.dyn        0x100074f0        0x0
 .rel.iplt      0x100074f0        0x0 c:/vsarm/armcc/102021~1.10/bin/../lib/gcc/arm-none-eabi/10.3.1/thumb/v6-m/nofp/crtbegin.o

.ARM.extab
 *(.ARM.extab* .gnu.linkonce.armextab.*)
                0x100074f0                __exidx_start = .

.ARM.exidx
 *(.ARM.exidx* .gnu.linkonce.armexidx.*)
                0x100074f0                __exidx_end = .
                0x100074f0                . = ALIGN (0x4)
                0x100074f0                __binary_info_start = .

.binary_info    0x100074f0       0x20
 *(.binary_info.keep.*)
 .binary_info.keep.__bi_ptr22
                0x100074f0        0x4 CMakeFiles/spi_slave.dir/C_/VSARM/sdk/pico/pico-sdk/src/rp2_common/pico_standard_link/binary_info.c.obj
 .binary_info.keep.__bi_ptr30
                0x100074f4        0x4 CMakeFiles/spi_slave.dir/C_/VSARM/sdk/pico/pico-sdk/src/rp2_common/pico_standard_link/binary_info.c.obj
 .binary_info.keep.__bi_ptr38
                0x100074f8        0x4 CMakeFiles/spi_slave.dir/C_/VSARM/sdk/pico/pico-sdk/src/rp2_common/pico_standard_link/binary_info.c.obj
 .binary_info.keep.__bi_ptr44
                0x100074fc        0x4 CMakeFiles/spi_slave.dir/C_/VSARM/sdk/pico/pico-sdk/src/rp2_common/pico_standard_link/binary_info.c.obj
 .binary_info.keep.__bi_ptr50
                0x10007500        0x4 CMakeFiles/spi_slave.dir/C_/VSARM/sdk/pico/pico-sdk/src/rp2_common/pico_standard_link/binary_info.c.obj
 .binary_info.keep.__bi_ptr75
                0x10007504        0x4 CMakeFiles/spi_slave.dir/C_/VSARM/sdk/pico/pico-sdk/src/rp2_common/pico_standard_link/binary_info.c.obj
 .binary_info.keep.__bi_ptr81
                0x10007508        0x4 CMakeFiles/spi_slave.dir/C_/VSARM/sdk/pico/pico-sdk/src/rp2_common/pico_standard_link/binary_info.c.obj
 *(.binary_info.*)
 .binary_info.__bi_ptr93
                0x1000750c        0x4 CMakeFiles/spi_slave.dir/C_/VSARM/sdk/pico/pico-sdk/src/rp2_common/pico_stdio_usb/stdio_usb.c.obj
                0x10007510                __binary_info_end = .
                0x10007510                . = ALIGN (0x4)
                0x10007510                __etext = .

.ram_vector_table
                0x20000000       0xc0
 *(.ram_vector_table)
 .ram_vector_table
                0x20000000       0xc0 CMakeFiles/spi_slave.dir/C_/VSARM/sdk/pico/pico-sdk/src/rp2_common/pico_runtime/runtime.c.obj
                0x20000000                ram_vector_table

.data           0x200000c0      0x438 load address 0x10007510
                0x200000c0                __data_start__ = .
 *(vtable)
 *(.time_critical*)
 .time_critical.mutex_enter_blocking
                0x200000c0       0x48 CMakeFiles/spi_slave.dir/C_/VSARM/sdk/pico/pico-sdk/src/common/pico_sync/mutex.c.obj
                0x200000c0                mutex_enter_blocking
 .time_critical.mutex_try_enter
                0x20000108       0x44 CMakeFiles/spi_slave.dir/C_/VSARM/sdk/pico/pico-sdk/src/common/pico_sync/mutex.c.obj
                0x20000108                mutex_try_enter
 .time_critical.mutex_enter_timeout_ms
                0x2000014c       0xa0 CMakeFiles/spi_slave.dir/C_/VSARM/sdk/pico/pico-sdk/src/common/pico_sync/mutex.c.obj
                0x2000014c                mutex_enter_timeout_ms
 .time_critical.mutex_exit
                0x200001ec       0x28 CMakeFiles/spi_slave.dir/C_/VSARM/sdk/pico/pico-sdk/src/common/pico_sync/mutex.c.obj
                0x200001ec                mutex_exit
 .time_critical.flash_init_boot2_copyout
                0x20000214       0x30 CMakeFiles/spi_slave.dir/C_/VSARM/sdk/pico/pico-sdk/src/rp2_common/hardware_flash/flash.c.obj
 .time_critical.flash_enable_xip_via_boot2
                0x20000244       0x10 CMakeFiles/spi_slave.dir/C_/VSARM/sdk/pico/pico-sdk/src/rp2_common/hardware_flash/flash.c.obj
 .time_critical.flash_cs_force
                0x20000254       0x38 CMakeFiles/spi_slave.dir/C_/VSARM/sdk/pico/pico-sdk/src/rp2_common/hardware_flash/flash.c.obj
 .time_critical.flash_do_cmd
                0x2000028c       0xc4 CMakeFiles/spi_slave.dir/C_/VSARM/sdk/pico/pico-sdk/src/rp2_common/hardware_flash/flash.c.obj
                0x2000028c                flash_do_cmd
 .time_critical.spi_read_blocking
                0x20000350       0x74 CMakeFiles/spi_slave.dir/C_/VSARM/sdk/pico/pico-sdk/src/rp2_common/hardware_spi/spi.c.obj
                0x20000350                spi_read_blocking
 *(.text*)
 .text          0x200003c4        0x4 c:/vsarm/armcc/102021~1.10/bin/../lib/gcc/arm-none-eabi/10.3.1/thumb/v6-m/nofp\libgcc.a(_dvmd_tls.o)
                0x200003c4                __aeabi_idiv0
                0x200003c4                __aeabi_ldiv0
 .text.__stub   0x200003c8       0x30 linker stubs
                0x200003f8                . = ALIGN (0x4)
 *(.rodata*)
                0x200003f8                . = ALIGN (0x4)
 *(.data*)
 .data.striped_spin_lock_num
                0x200003f8        0x1 CMakeFiles/spi_slave.dir/C_/VSARM/sdk/pico/pico-sdk/src/rp2_common/hardware_sync/sync.c.obj
 *fill*         0x200003f9        0x3 
 .data.default_alarm_pool
                0x200003fc       0x18 CMakeFiles/spi_slave.dir/C_/VSARM/sdk/pico/pico-sdk/src/common/pico_time/time.c.obj
 .data.default_alarm_pool_heap
                0x20000414       0x10 CMakeFiles/spi_slave.dir/C_/VSARM/sdk/pico/pico-sdk/src/common/pico_time/time.c.obj
 .data          0x20000424       0x48 CMakeFiles/spi_slave.dir/C_/VSARM/sdk/pico/pico-sdk/src/rp2_common/hardware_irq/irq_handler_chain.S.obj
                0x20000424                irq_handler_chain_slots
                0x20000454                irq_handler_chain_first_slot
                0x2000045e                irq_handler_chain_remove_tail
 *fill*         0x2000046c        0x4 
 .data.aeabi_bits_funcs
                0x20000470       0x10 CMakeFiles/spi_slave.dir/C_/VSARM/sdk/pico/pico-sdk/src/rp2_common/pico_bit_ops/bit_ops_aeabi.S.obj
                0x20000470                aeabi_bits_funcs
                0x20000480                aeabi_bits_funcs_end
 .data.aeabi_mem_funcs
                0x20000480       0x10 CMakeFiles/spi_slave.dir/C_/VSARM/sdk/pico/pico-sdk/src/rp2_common/pico_mem_ops/mem_ops_aeabi.S.obj
                0x20000480                aeabi_mem_funcs
                0x20000490                aeabi_mem_funcs_end
 .data.stdio_usb
                0x20000490       0x14 CMakeFiles/spi_slave.dir/C_/VSARM/sdk/pico/pico-sdk/src/rp2_common/pico_stdio_usb/stdio_usb.c.obj
                0x20000490                stdio_usb
 .data.ep_dir_string
                0x200004a4        0x8 CMakeFiles/spi_slave.dir/C_/VSARM/sdk/pico/pico-sdk/lib/tinyusb/src/portable/raspberrypi/rp2040/rp2040_usb.c.obj
                0x200004a4                ep_dir_string
 .data._usbd_qdef
                0x200004ac       0x24 CMakeFiles/spi_slave.dir/C_/VSARM/sdk/pico/pico-sdk/lib/tinyusb/src/device/usbd.c.obj
                0x200004ac                _usbd_qdef
                0x200004d0                . = ALIGN (0x4)
 *(.after_data.*)
                0x200004d0                . = ALIGN (0x4)
                0x200004d0                PROVIDE (__mutex_array_start = .)
 *(SORT_BY_NAME(.mutex_array.*))
 *(.mutex_array)
 .mutex_array   0x200004d0        0x8 CMakeFiles/spi_slave.dir/C_/VSARM/sdk/pico/pico-sdk/src/rp2_common/pico_malloc/pico_malloc.c.obj
 .mutex_array   0x200004d8        0x8 CMakeFiles/spi_slave.dir/C_/VSARM/sdk/pico/pico-sdk/src/rp2_common/pico_stdio/stdio.c.obj
                0x200004e0                PROVIDE (__mutex_array_end = .)
                0x200004e0                . = ALIGN (0x4)
                0x200004e0                PROVIDE (__preinit_array_start = .)
 *(SORT_BY_NAME(.preinit_array.*))
 .preinit_array.00001
                0x200004e0        0x4 CMakeFiles/spi_slave.dir/C_/VSARM/sdk/pico/pico-sdk/src/rp2_common/pico_mem_ops/mem_ops_aeabi.S.obj
 .preinit_array.00010
                0x200004e4        0x4 CMakeFiles/spi_slave.dir/C_/VSARM/sdk/pico/pico-sdk/src/rp2_common/pico_bit_ops/bit_ops_aeabi.S.obj
 .preinit_array.00020
                0x200004e8        0x4 CMakeFiles/spi_slave.dir/C_/VSARM/sdk/pico/pico-sdk/src/rp2_common/pico_double/double_aeabi.S.obj
 .preinit_array.00020
                0x200004ec        0x4 CMakeFiles/spi_slave.dir/C_/VSARM/sdk/pico/pico-sdk/src/rp2_common/pico_float/float_aeabi.S.obj
 *(.preinit_array)
                0x200004f0                PROVIDE (__preinit_array_end = .)
                0x200004f0                . = ALIGN (0x4)
                0x200004f0                PROVIDE (__init_array_start = .)
 *(SORT_BY_NAME(.init_array.*))
 *(.init_array)
 .init_array    0x200004f0        0x4 c:/vsarm/armcc/102021~1.10/bin/../lib/gcc/arm-none-eabi/10.3.1/thumb/v6-m/nofp/crtbegin.o
 .init_array    0x200004f4        0x4 CMakeFiles/spi_slave.dir/C_/VSARM/sdk/pico/pico-sdk/src/rp2_common/pico_unique_id/unique_id.c.obj
                0x200004f8                PROVIDE (__init_array_end = .)
                0x200004f8                . = ALIGN (0x4)
                [!provide]                PROVIDE (__fini_array_start = .)
 *(SORT_BY_NAME(.fini_array.*))
 *(.fini_array)
                [!provide]                PROVIDE (__fini_array_end = .)
 *(.jcr)
                0x200004f8                . = ALIGN (0x4)
                0x200004f8                __data_end__ = .

.igot.plt       0x200004f8        0x0 load address 0x10007948
 .igot.plt      0x200004f8        0x0 c:/vsarm/armcc/102021~1.10/bin/../lib/gcc/arm-none-eabi/10.3.1/thumb/v6-m/nofp/crtbegin.o

.uninitialized_data
                0x200004f8        0x0 load address 0x10007948
                0x200004f8                . = ALIGN (0x4)
 *(.uninitialized_data*)

.scratch_x      0x20040000        0x0 load address 0x10007948
                0x20040000                __scratch_x_start__ = .
 *(.scratch_x.*)
                0x20040000                . = ALIGN (0x4)
                0x20040000                __scratch_x_end__ = .
                0x10007948                __scratch_x_source__ = LOADADDR (.scratch_x)

.scratch_y      0x20041000        0x0 load address 0x10007948
                0x20041000                __scratch_y_start__ = .
 *(.scratch_y.*)
                0x20041000                . = ALIGN (0x4)
                0x20041000                __scratch_y_end__ = .
                0x10007948                __scratch_y_source__ = LOADADDR (.scratch_y)

.bss            0x200004f8      0xd80
                0x200004f8                . = ALIGN (0x4)
                0x200004f8                __bss_start__ = .
 *(SORT_BY_ALIGNMENT(SORT_BY_NAME(.bss*)))
 .bss.default_alarm_pool_entries
                0x200004f8      0x100 CMakeFiles/spi_slave.dir/C_/VSARM/sdk/pico/pico-sdk/src/common/pico_time/time.c.obj
 .bss.last_avail_time.1
                0x200005f8        0x8 CMakeFiles/spi_slave.dir/C_/VSARM/sdk/pico/pico-sdk/src/rp2_common/pico_stdio_usb/stdio_usb.c.obj
 .bss.sd_table  0x20000600      0x100 CMakeFiles/spi_slave.dir/C_/VSARM/sdk/pico/pico-sdk/src/rp2_common/pico_double/double_init_rom.c.obj
                0x20000600                sd_table
 .bss.sf_table  0x20000700      0x100 CMakeFiles/spi_slave.dir/C_/VSARM/sdk/pico/pico-sdk/src/rp2_common/pico_float/float_init_rom.c.obj
                0x20000700                sf_table
 .bss           0x20000800       0x1c c:/vsarm/armcc/102021~1.10/bin/../lib/gcc/arm-none-eabi/10.3.1/thumb/v6-m/nofp/crtbegin.o
 .bss._app_driver
                0x2000081c        0x4 CMakeFiles/spi_slave.dir/C_/VSARM/sdk/pico/pico-sdk/lib/tinyusb/src/device/usbd.c.obj
 .bss._cdcd_itf
                0x20000820      0x2d8 CMakeFiles/spi_slave.dir/C_/VSARM/sdk/pico/pico-sdk/lib/tinyusb/src/class/cdc/cdc_device.c.obj
 .bss._ctrl_xfer
                0x20000af8       0x14 CMakeFiles/spi_slave.dir/C_/VSARM/sdk/pico/pico-sdk/lib/tinyusb/src/device/usbd_control.c.obj
 .bss._ubsd_mutexdef
                0x20000b0c        0x8 CMakeFiles/spi_slave.dir/C_/VSARM/sdk/pico/pico-sdk/lib/tinyusb/src/device/usbd.c.obj
 .bss._usbd_ctrl_buf
                0x20000b14       0x40 CMakeFiles/spi_slave.dir/C_/VSARM/sdk/pico/pico-sdk/lib/tinyusb/src/device/usbd_control.c.obj
 .bss._usbd_dev
                0x20000b54       0x53 CMakeFiles/spi_slave.dir/C_/VSARM/sdk/pico/pico-sdk/lib/tinyusb/src/device/usbd.c.obj
 *fill*         0x20000ba7        0x1 
 .bss._usbd_mutex
                0x20000ba8        0x4 CMakeFiles/spi_slave.dir/C_/VSARM/sdk/pico/pico-sdk/lib/tinyusb/src/device/usbd.c.obj
 .bss._usbd_q   0x20000bac        0x4 CMakeFiles/spi_slave.dir/C_/VSARM/sdk/pico/pico-sdk/lib/tinyusb/src/device/usbd.c.obj
 .bss._usbd_qdef_buf
                0x20000bb0       0xc0 CMakeFiles/spi_slave.dir/C_/VSARM/sdk/pico/pico-sdk/lib/tinyusb/src/device/usbd.c.obj
                0x20000bb0                _usbd_qdef_buf
 .bss.alarm_callbacks
                0x20000c70       0x10 CMakeFiles/spi_slave.dir/C_/VSARM/sdk/pico/pico-sdk/src/rp2_common/hardware_timer/timer.c.obj
 .bss.boot2_copyout
                0x20000c80      0x100 CMakeFiles/spi_slave.dir/C_/VSARM/sdk/pico/pico-sdk/src/rp2_common/hardware_flash/flash.c.obj
 .bss.claimed   0x20000d80        0x4 CMakeFiles/spi_slave.dir/C_/VSARM/sdk/pico/pico-sdk/src/rp2_common/hardware_sync/sync.c.obj
 .bss.configured_freq
                0x20000d84       0x28 CMakeFiles/spi_slave.dir/C_/VSARM/sdk/pico/pico-sdk/src/rp2_common/hardware_clocks/clocks.c.obj
 .bss.default_alarm_pool_entry_ids_high
                0x20000dac       0x10 CMakeFiles/spi_slave.dir/C_/VSARM/sdk/pico/pico-sdk/src/common/pico_time/time.c.obj
 .bss.default_alarm_pool_heap_nodes
                0x20000dbc       0x30 CMakeFiles/spi_slave.dir/C_/VSARM/sdk/pico/pico-sdk/src/common/pico_time/time.c.obj
 .bss.desc_str.0
                0x20000dec       0x28 CMakeFiles/spi_slave.dir/C_/VSARM/sdk/pico/pico-sdk/src/rp2_common/pico_stdio_usb/stdio_usb_descriptors.c.obj
 .bss.drivers   0x20000e14        0x4 CMakeFiles/spi_slave.dir/C_/VSARM/sdk/pico/pico-sdk/src/rp2_common/pico_stdio/stdio.c.obj
 .bss.filter    0x20000e18        0x4 CMakeFiles/spi_slave.dir/C_/VSARM/sdk/pico/pico-sdk/src/rp2_common/pico_stdio/stdio.c.obj
 .bss.hw_endpoints
                0x20000e1c      0x400 CMakeFiles/spi_slave.dir/C_/VSARM/sdk/pico/pico-sdk/lib/tinyusb/src/portable/raspberrypi/rp2040/dcd_rp2040.c.obj
 .bss.lazy_vsnprintf
                0x2000121c        0x4 CMakeFiles/spi_slave.dir/C_/VSARM/sdk/pico/pico-sdk/src/rp2_common/pico_printf/printf.c.obj
 .bss.load_value
                0x20001220        0x4 CMakeFiles/spi_slave.dir/C_/VSARM/sdk/pico/pico-sdk/src/rp2_common/hardware_watchdog/watchdog.c.obj
 .bss.next_buffer_ptr
                0x20001224        0x4 CMakeFiles/spi_slave.dir/C_/VSARM/sdk/pico/pico-sdk/lib/tinyusb/src/portable/raspberrypi/rp2040/dcd_rp2040.c.obj
 .bss.pools     0x20001228       0x10 CMakeFiles/spi_slave.dir/C_/VSARM/sdk/pico/pico-sdk/src/common/pico_time/time.c.obj
 .bss.retrieved_id
                0x20001238        0x8 CMakeFiles/spi_slave.dir/C_/VSARM/sdk/pico/pico-sdk/src/rp2_common/pico_unique_id/unique_id.c.obj
 .bss.sf_clz_func
                0x20001240        0x4 CMakeFiles/spi_slave.dir/C_/VSARM/sdk/pico/pico-sdk/src/rp2_common/pico_double/double_init_rom.c.obj
                0x20001240                sf_clz_func
 .bss.sleep_notifier
                0x20001244        0x4 CMakeFiles/spi_slave.dir/C_/VSARM/sdk/pico/pico-sdk/src/common/pico_time/time.c.obj
 .bss.stdio_usb_mutex
                0x20001248        0x8 CMakeFiles/spi_slave.dir/C_/VSARM/sdk/pico/pico-sdk/src/rp2_common/pico_stdio_usb/stdio_usb.c.obj
 .bss.target_hi
                0x20001250       0x10 CMakeFiles/spi_slave.dir/C_/VSARM/sdk/pico/pico-sdk/src/rp2_common/hardware_timer/timer.c.obj
 .bss.usbd_serial_str
                0x20001260       0x11 CMakeFiles/spi_slave.dir/C_/VSARM/sdk/pico/pico-sdk/src/rp2_common/pico_stdio_usb/stdio_usb_descriptors.c.obj
 .bss._app_driver_count
                0x20001271        0x1 CMakeFiles/spi_slave.dir/C_/VSARM/sdk/pico/pico-sdk/lib/tinyusb/src/device/usbd.c.obj
 .bss._usbd_initialized
                0x20001272        0x1 CMakeFiles/spi_slave.dir/C_/VSARM/sdk/pico/pico-sdk/lib/tinyusb/src/device/usbd.c.obj
 .bss.boot2_copyout_valid
                0x20001273        0x1 CMakeFiles/spi_slave.dir/C_/VSARM/sdk/pico/pico-sdk/src/rp2_common/hardware_flash/flash.c.obj
 .bss.claimed   0x20001274        0x1 CMakeFiles/spi_slave.dir/C_/VSARM/sdk/pico/pico-sdk/src/rp2_common/hardware_timer/timer.c.obj
 .bss.irq_hander_chain_free_slot_head
                0x20001275        0x1 CMakeFiles/spi_slave.dir/C_/VSARM/sdk/pico/pico-sdk/src/rp2_common/hardware_irq/irq.c.obj
 .bss.itf_num   0x20001276        0x1 CMakeFiles/spi_slave.dir/C_/VSARM/sdk/pico/pico-sdk/src/rp2_common/pico_stdio_usb/reset_interface.c.obj
 .bss.timer_callbacks_pending
                0x20001277        0x1 CMakeFiles/spi_slave.dir/C_/VSARM/sdk/pico/pico-sdk/src/rp2_common/hardware_timer/timer.c.obj
 *(COMMON)
                0x20001278                . = ALIGN (0x4)
                0x20001278                __bss_end__ = .

.heap           0x20001278      0x800
                0x20001278                __end__ = .
                0x20001278                end = __end__
 *(.heap*)
 .heap          0x20001278      0x800 CMakeFiles/spi_slave.dir/C_/VSARM/sdk/pico/pico-sdk/src/rp2_common/pico_standard_link/crt0.S.obj
                0x20001a78                __HeapLimit = .

.stack1_dummy   0x20040000      0x800
 *(.stack1*)
 .stack1        0x20040000      0x800 CMakeFiles/spi_slave.dir/C_/VSARM/sdk/pico/pico-sdk/src/rp2_common/pico_multicore/multicore.c.obj

.stack_dummy    0x20041000      0x800
 *(.stack*)
 .stack         0x20041000      0x800 CMakeFiles/spi_slave.dir/C_/VSARM/sdk/pico/pico-sdk/src/rp2_common/pico_standard_link/crt0.S.obj

.flash_end      0x10007948        0x0
                0x10007948                __flash_binary_end = .
                0x20040000                __StackLimit = (ORIGIN (RAM) + LENGTH (RAM))
                0x20041000                __StackOneTop = (ORIGIN (SCRATCH_X) + LENGTH (SCRATCH_X))
                0x20042000                __StackTop = (ORIGIN (SCRATCH_Y) + LENGTH (SCRATCH_Y))
                0x20040800                __StackOneBottom = (__StackOneTop - SIZEOF (.stack1_dummy))
                0x20041800                __StackBottom = (__StackTop - SIZEOF (.stack_dummy))
                0x20042000                PROVIDE (__stack = __StackTop)
                0x00000001                ASSERT ((__StackLimit >= __HeapLimit), region RAM overflowed)
                0x00000001                ASSERT (((__binary_info_header_end - __logical_binary_start) <= 0x100), Binary info must be in first 256 bytes of the binary)
LOAD CMakeFiles/spi_slave.dir/main.c.obj
LOAD CMakeFiles/spi_slave.dir/C_/VSARM/sdk/pico/pico-sdk/src/rp2_common/pico_stdlib/stdlib.c.obj
LOAD CMakeFiles/spi_slave.dir/C_/VSARM/sdk/pico/pico-sdk/src/rp2_common/hardware_gpio/gpio.c.obj
LOAD CMakeFiles/spi_slave.dir/C_/VSARM/sdk/pico/pico-sdk/src/rp2_common/hardware_claim/claim.c.obj
LOAD CMakeFiles/spi_slave.dir/C_/VSARM/sdk/pico/pico-sdk/src/rp2_common/pico_platform/platform.c.obj
LOAD CMakeFiles/spi_slave.dir/C_/VSARM/sdk/pico/pico-sdk/src/rp2_common/hardware_sync/sync.c.obj
LOAD CMakeFiles/spi_slave.dir/C_/VSARM/sdk/pico/pico-sdk/src/rp2_common/hardware_uart/uart.c.obj
LOAD CMakeFiles/spi_slave.dir/C_/VSARM/sdk/pico/pico-sdk/src/rp2_common/hardware_divider/divider.S.obj
LOAD CMakeFiles/spi_slave.dir/C_/VSARM/sdk/pico/pico-sdk/src/common/pico_time/time.c.obj
LOAD CMakeFiles/spi_slave.dir/C_/VSARM/sdk/pico/pico-sdk/src/common/pico_time/timeout_helper.c.obj
LOAD CMakeFiles/spi_slave.dir/C_/VSARM/sdk/pico/pico-sdk/src/rp2_common/hardware_timer/timer.c.obj
LOAD CMakeFiles/spi_slave.dir/C_/VSARM/sdk/pico/pico-sdk/src/common/pico_sync/sem.c.obj
LOAD CMakeFiles/spi_slave.dir/C_/VSARM/sdk/pico/pico-sdk/src/common/pico_sync/lock_core.c.obj
LOAD CMakeFiles/spi_slave.dir/C_/VSARM/sdk/pico/pico-sdk/src/common/pico_sync/mutex.c.obj
LOAD CMakeFiles/spi_slave.dir/C_/VSARM/sdk/pico/pico-sdk/src/common/pico_sync/critical_section.c.obj
LOAD CMakeFiles/spi_slave.dir/C_/VSARM/sdk/pico/pico-sdk/src/common/pico_util/datetime.c.obj
LOAD CMakeFiles/spi_slave.dir/C_/VSARM/sdk/pico/pico-sdk/src/common/pico_util/pheap.c.obj
LOAD CMakeFiles/spi_slave.dir/C_/VSARM/sdk/pico/pico-sdk/src/common/pico_util/queue.c.obj
LOAD CMakeFiles/spi_slave.dir/C_/VSARM/sdk/pico/pico-sdk/src/rp2_common/pico_runtime/runtime.c.obj
LOAD CMakeFiles/spi_slave.dir/C_/VSARM/sdk/pico/pico-sdk/src/rp2_common/hardware_clocks/clocks.c.obj
LOAD CMakeFiles/spi_slave.dir/C_/VSARM/sdk/pico/pico-sdk/src/rp2_common/hardware_irq/irq.c.obj
LOAD CMakeFiles/spi_slave.dir/C_/VSARM/sdk/pico/pico-sdk/src/rp2_common/hardware_irq/irq_handler_chain.S.obj
LOAD CMakeFiles/spi_slave.dir/C_/VSARM/sdk/pico/pico-sdk/src/rp2_common/hardware_pll/pll.c.obj
LOAD CMakeFiles/spi_slave.dir/C_/VSARM/sdk/pico/pico-sdk/src/rp2_common/hardware_vreg/vreg.c.obj
LOAD CMakeFiles/spi_slave.dir/C_/VSARM/sdk/pico/pico-sdk/src/rp2_common/hardware_watchdog/watchdog.c.obj
LOAD CMakeFiles/spi_slave.dir/C_/VSARM/sdk/pico/pico-sdk/src/rp2_common/hardware_xosc/xosc.c.obj
LOAD CMakeFiles/spi_slave.dir/C_/VSARM/sdk/pico/pico-sdk/src/rp2_common/pico_printf/printf.c.obj
LOAD CMakeFiles/spi_slave.dir/C_/VSARM/sdk/pico/pico-sdk/src/rp2_common/pico_bit_ops/bit_ops_aeabi.S.obj
LOAD CMakeFiles/spi_slave.dir/C_/VSARM/sdk/pico/pico-sdk/src/rp2_common/pico_bootrom/bootrom.c.obj
LOAD CMakeFiles/spi_slave.dir/C_/VSARM/sdk/pico/pico-sdk/src/rp2_common/pico_divider/divider.S.obj
LOAD CMakeFiles/spi_slave.dir/C_/VSARM/sdk/pico/pico-sdk/src/rp2_common/pico_double/double_aeabi.S.obj
LOAD CMakeFiles/spi_slave.dir/C_/VSARM/sdk/pico/pico-sdk/src/rp2_common/pico_double/double_init_rom.c.obj
LOAD CMakeFiles/spi_slave.dir/C_/VSARM/sdk/pico/pico-sdk/src/rp2_common/pico_double/double_math.c.obj
LOAD CMakeFiles/spi_slave.dir/C_/VSARM/sdk/pico/pico-sdk/src/rp2_common/pico_double/double_v1_rom_shim.S.obj
LOAD CMakeFiles/spi_slave.dir/C_/VSARM/sdk/pico/pico-sdk/src/rp2_common/pico_int64_ops/pico_int64_ops_aeabi.S.obj
LOAD CMakeFiles/spi_slave.dir/C_/VSARM/sdk/pico/pico-sdk/src/rp2_common/pico_float/float_aeabi.S.obj
LOAD CMakeFiles/spi_slave.dir/C_/VSARM/sdk/pico/pico-sdk/src/rp2_common/pico_float/float_init_rom.c.obj
LOAD CMakeFiles/spi_slave.dir/C_/VSARM/sdk/pico/pico-sdk/src/rp2_common/pico_float/float_math.c.obj
LOAD CMakeFiles/spi_slave.dir/C_/VSARM/sdk/pico/pico-sdk/src/rp2_common/pico_float/float_v1_rom_shim.S.obj
LOAD CMakeFiles/spi_slave.dir/C_/VSARM/sdk/pico/pico-sdk/src/rp2_common/pico_malloc/pico_malloc.c.obj
LOAD CMakeFiles/spi_slave.dir/C_/VSARM/sdk/pico/pico-sdk/src/rp2_common/pico_mem_ops/mem_ops_aeabi.S.obj
LOAD CMakeFiles/spi_slave.dir/C_/VSARM/sdk/pico/pico-sdk/src/rp2_common/pico_standard_link/crt0.S.obj
LOAD CMakeFiles/spi_slave.dir/C_/VSARM/sdk/pico/pico-sdk/src/rp2_common/pico_standard_link/new_delete.cpp.obj
LOAD CMakeFiles/spi_slave.dir/C_/VSARM/sdk/pico/pico-sdk/src/rp2_common/pico_standard_link/binary_info.c.obj
LOAD CMakeFiles/spi_slave.dir/C_/VSARM/sdk/pico/pico-sdk/src/rp2_common/pico_stdio/stdio.c.obj
LOAD CMakeFiles/spi_slave.dir/C_/VSARM/sdk/pico/pico-sdk/src/rp2_common/pico_stdio_usb/reset_interface.c.obj
LOAD CMakeFiles/spi_slave.dir/C_/VSARM/sdk/pico/pico-sdk/src/rp2_common/pico_stdio_usb/stdio_usb.c.obj
LOAD CMakeFiles/spi_slave.dir/C_/VSARM/sdk/pico/pico-sdk/src/rp2_common/pico_stdio_usb/stdio_usb_descriptors.c.obj
LOAD CMakeFiles/spi_slave.dir/C_/VSARM/sdk/pico/pico-sdk/lib/tinyusb/src/portable/raspberrypi/rp2040/dcd_rp2040.c.obj
LOAD CMakeFiles/spi_slave.dir/C_/VSARM/sdk/pico/pico-sdk/lib/tinyusb/src/portable/raspberrypi/rp2040/rp2040_usb.c.obj
LOAD CMakeFiles/spi_slave.dir/C_/VSARM/sdk/pico/pico-sdk/lib/tinyusb/src/device/usbd.c.obj
LOAD CMakeFiles/spi_slave.dir/C_/VSARM/sdk/pico/pico-sdk/lib/tinyusb/src/device/usbd_control.c.obj
LOAD CMakeFiles/spi_slave.dir/C_/VSARM/sdk/pico/pico-sdk/lib/tinyusb/src/class/audio/audio_device.c.obj
LOAD CMakeFiles/spi_slave.dir/C_/VSARM/sdk/pico/pico-sdk/lib/tinyusb/src/class/cdc/cdc_device.c.obj
LOAD CMakeFiles/spi_slave.dir/C_/VSARM/sdk/pico/pico-sdk/lib/tinyusb/src/class/dfu/dfu_device.c.obj
LOAD CMakeFiles/spi_slave.dir/C_/VSARM/sdk/pico/pico-sdk/lib/tinyusb/src/class/dfu/dfu_rt_device.c.obj
LOAD CMakeFiles/spi_slave.dir/C_/VSARM/sdk/pico/pico-sdk/lib/tinyusb/src/class/hid/hid_device.c.obj
LOAD CMakeFiles/spi_slave.dir/C_/VSARM/sdk/pico/pico-sdk/lib/tinyusb/src/class/midi/midi_device.c.obj
LOAD CMakeFiles/spi_slave.dir/C_/VSARM/sdk/pico/pico-sdk/lib/tinyusb/src/class/msc/msc_device.c.obj
LOAD CMakeFiles/spi_slave.dir/C_/VSARM/sdk/pico/pico-sdk/lib/tinyusb/src/class/net/ecm_rndis_device.c.obj
LOAD CMakeFiles/spi_slave.dir/C_/VSARM/sdk/pico/pico-sdk/lib/tinyusb/src/class/net/ncm_device.c.obj
LOAD CMakeFiles/spi_slave.dir/C_/VSARM/sdk/pico/pico-sdk/lib/tinyusb/src/class/usbtmc/usbtmc_device.c.obj
LOAD CMakeFiles/spi_slave.dir/C_/VSARM/sdk/pico/pico-sdk/lib/tinyusb/src/class/vendor/vendor_device.c.obj
LOAD CMakeFiles/spi_slave.dir/C_/VSARM/sdk/pico/pico-sdk/lib/tinyusb/src/class/video/video_device.c.obj
LOAD CMakeFiles/spi_slave.dir/C_/VSARM/sdk/pico/pico-sdk/lib/tinyusb/src/tusb.c.obj
LOAD CMakeFiles/spi_slave.dir/C_/VSARM/sdk/pico/pico-sdk/lib/tinyusb/src/common/tusb_fifo.c.obj
LOAD CMakeFiles/spi_slave.dir/C_/VSARM/sdk/pico/pico-sdk/src/rp2_common/pico_fix/rp2040_usb_device_enumeration/rp2040_usb_device_enumeration.c.obj
LOAD CMakeFiles/spi_slave.dir/C_/VSARM/sdk/pico/pico-sdk/src/rp2_common/pico_unique_id/unique_id.c.obj
LOAD CMakeFiles/spi_slave.dir/C_/VSARM/sdk/pico/pico-sdk/src/rp2_common/hardware_flash/flash.c.obj
LOAD CMakeFiles/spi_slave.dir/C_/VSARM/sdk/pico/pico-sdk/src/rp2_common/hardware_spi/spi.c.obj
LOAD CMakeFiles/spi_slave.dir/C_/VSARM/sdk/pico/pico-sdk/src/rp2_common/pico_multicore/multicore.c.obj
LOAD C:\Users\Santhosh\AppData\Local\Temp\cc4r3oTu.o
LOAD c:/vsarm/armcc/102021~1.10/bin/../lib/gcc/arm-none-eabi/10.3.1/../../../../arm-none-eabi/lib/thumb/v6-m/nofp\libstdc++.a
LOAD c:/vsarm/armcc/102021~1.10/bin/../lib/gcc/arm-none-eabi/10.3.1/../../../../arm-none-eabi/lib/thumb/v6-m/nofp\libm.a
START GROUP
LOAD c:/vsarm/armcc/102021~1.10/bin/../lib/gcc/arm-none-eabi/10.3.1/thumb/v6-m/nofp\libgcc.a
LOAD c:/vsarm/armcc/102021~1.10/bin/../lib/gcc/arm-none-eabi/10.3.1/../../../../arm-none-eabi/lib/thumb/v6-m/nofp\libc.a
END GROUP
START GROUP
LOAD c:/vsarm/armcc/102021~1.10/bin/../lib/gcc/arm-none-eabi/10.3.1/thumb/v6-m/nofp\libgcc.a
LOAD c:/vsarm/armcc/102021~1.10/bin/../lib/gcc/arm-none-eabi/10.3.1/../../../../arm-none-eabi/lib/thumb/v6-m/nofp\libc.a
LOAD c:/vsarm/armcc/102021~1.10/bin/../lib/gcc/arm-none-eabi/10.3.1/../../../../arm-none-eabi/lib/thumb/v6-m/nofp\libnosys.a
END GROUP
LOAD c:/vsarm/armcc/102021~1.10/bin/../lib/gcc/arm-none-eabi/10.3.1/thumb/v6-m/nofp/crtend.o
LOAD c:/vsarm/armcc/102021~1.10/bin/../lib/gcc/arm-none-eabi/10.3.1/thumb/v6-m/nofp/crtn.o
OUTPUT(spi_slave.elf elf32-littlearm)
LOAD linker stubs

.ARM.attributes
                0x00000000       0x28
 .ARM.attributes
                0x00000000       0x1e c:/vsarm/armcc/102021~1.10/bin/../lib/gcc/arm-none-eabi/10.3.1/thumb/v6-m/nofp/crti.o
 .ARM.attributes
                0x0000001e       0x2c c:/vsarm/armcc/102021~1.10/bin/../lib/gcc/arm-none-eabi/10.3.1/thumb/v6-m/nofp/crtbegin.o
 .ARM.attributes
                0x0000004a       0x2c CMakeFiles/spi_slave.dir/main.c.obj
 .ARM.attributes
                0x00000076       0x2c CMakeFiles/spi_slave.dir/C_/VSARM/sdk/pico/pico-sdk/src/rp2_common/hardware_gpio/gpio.c.obj
 .ARM.attributes
                0x000000a2       0x2c CMakeFiles/spi_slave.dir/C_/VSARM/sdk/pico/pico-sdk/src/rp2_common/hardware_claim/claim.c.obj
 .ARM.attributes
                0x000000ce       0x2c CMakeFiles/spi_slave.dir/C_/VSARM/sdk/pico/pico-sdk/src/rp2_common/pico_platform/platform.c.obj
 .ARM.attributes
                0x000000fa       0x2c CMakeFiles/spi_slave.dir/C_/VSARM/sdk/pico/pico-sdk/src/rp2_common/hardware_sync/sync.c.obj
 .ARM.attributes
                0x00000126       0x2c CMakeFiles/spi_slave.dir/C_/VSARM/sdk/pico/pico-sdk/src/common/pico_time/time.c.obj
 .ARM.attributes
                0x00000152       0x2c CMakeFiles/spi_slave.dir/C_/VSARM/sdk/pico/pico-sdk/src/rp2_common/hardware_timer/timer.c.obj
 .ARM.attributes
                0x0000017e       0x2c CMakeFiles/spi_slave.dir/C_/VSARM/sdk/pico/pico-sdk/src/common/pico_sync/lock_core.c.obj
 .ARM.attributes
                0x000001aa       0x2c CMakeFiles/spi_slave.dir/C_/VSARM/sdk/pico/pico-sdk/src/common/pico_sync/mutex.c.obj
 .ARM.attributes
                0x000001d6       0x2c CMakeFiles/spi_slave.dir/C_/VSARM/sdk/pico/pico-sdk/src/common/pico_sync/critical_section.c.obj
 .ARM.attributes
                0x00000202       0x2c CMakeFiles/spi_slave.dir/C_/VSARM/sdk/pico/pico-sdk/src/common/pico_util/pheap.c.obj
 .ARM.attributes
                0x0000022e       0x2c CMakeFiles/spi_slave.dir/C_/VSARM/sdk/pico/pico-sdk/src/rp2_common/pico_runtime/runtime.c.obj
 .ARM.attributes
                0x0000025a       0x2c CMakeFiles/spi_slave.dir/C_/VSARM/sdk/pico/pico-sdk/src/rp2_common/hardware_clocks/clocks.c.obj
 .ARM.attributes
                0x00000286       0x2c CMakeFiles/spi_slave.dir/C_/VSARM/sdk/pico/pico-sdk/src/rp2_common/hardware_irq/irq.c.obj
 .ARM.attributes
                0x000002b2       0x22 CMakeFiles/spi_slave.dir/C_/VSARM/sdk/pico/pico-sdk/src/rp2_common/hardware_irq/irq_handler_chain.S.obj
 .ARM.attributes
                0x000002d4       0x2c CMakeFiles/spi_slave.dir/C_/VSARM/sdk/pico/pico-sdk/src/rp2_common/hardware_pll/pll.c.obj
 .ARM.attributes
                0x00000300       0x2c CMakeFiles/spi_slave.dir/C_/VSARM/sdk/pico/pico-sdk/src/rp2_common/hardware_watchdog/watchdog.c.obj
 .ARM.attributes
                0x0000032c       0x2c CMakeFiles/spi_slave.dir/C_/VSARM/sdk/pico/pico-sdk/src/rp2_common/hardware_xosc/xosc.c.obj
 .ARM.attributes
                0x00000358       0x2c CMakeFiles/spi_slave.dir/C_/VSARM/sdk/pico/pico-sdk/src/rp2_common/pico_printf/printf.c.obj
 .ARM.attributes
                0x00000384       0x22 CMakeFiles/spi_slave.dir/C_/VSARM/sdk/pico/pico-sdk/src/rp2_common/pico_bit_ops/bit_ops_aeabi.S.obj
 .ARM.attributes
                0x000003a6       0x2c CMakeFiles/spi_slave.dir/C_/VSARM/sdk/pico/pico-sdk/src/rp2_common/pico_bootrom/bootrom.c.obj
 .ARM.attributes
                0x000003d2       0x22 CMakeFiles/spi_slave.dir/C_/VSARM/sdk/pico/pico-sdk/src/rp2_common/pico_divider/divider.S.obj
 .ARM.attributes
                0x000003f4       0x22 CMakeFiles/spi_slave.dir/C_/VSARM/sdk/pico/pico-sdk/src/rp2_common/pico_double/double_aeabi.S.obj
 .ARM.attributes
                0x00000416       0x2c CMakeFiles/spi_slave.dir/C_/VSARM/sdk/pico/pico-sdk/src/rp2_common/pico_double/double_init_rom.c.obj
 .ARM.attributes
                0x00000442       0x22 CMakeFiles/spi_slave.dir/C_/VSARM/sdk/pico/pico-sdk/src/rp2_common/pico_double/double_v1_rom_shim.S.obj
 .ARM.attributes
                0x00000464       0x22 CMakeFiles/spi_slave.dir/C_/VSARM/sdk/pico/pico-sdk/src/rp2_common/pico_int64_ops/pico_int64_ops_aeabi.S.obj
 .ARM.attributes
                0x00000486       0x22 CMakeFiles/spi_slave.dir/C_/VSARM/sdk/pico/pico-sdk/src/rp2_common/pico_float/float_aeabi.S.obj
 .ARM.attributes
                0x000004a8       0x2c CMakeFiles/spi_slave.dir/C_/VSARM/sdk/pico/pico-sdk/src/rp2_common/pico_float/float_init_rom.c.obj
 .ARM.attributes
                0x000004d4       0x22 CMakeFiles/spi_slave.dir/C_/VSARM/sdk/pico/pico-sdk/src/rp2_common/pico_float/float_v1_rom_shim.S.obj
 .ARM.attributes
                0x000004f6       0x2c CMakeFiles/spi_slave.dir/C_/VSARM/sdk/pico/pico-sdk/src/rp2_common/pico_malloc/pico_malloc.c.obj
 .ARM.attributes
                0x00000522       0x22 CMakeFiles/spi_slave.dir/C_/VSARM/sdk/pico/pico-sdk/src/rp2_common/pico_mem_ops/mem_ops_aeabi.S.obj
 .ARM.attributes
                0x00000544       0x22 CMakeFiles/spi_slave.dir/C_/VSARM/sdk/pico/pico-sdk/src/rp2_common/pico_standard_link/crt0.S.obj
 .ARM.attributes
                0x00000566       0x2c CMakeFiles/spi_slave.dir/C_/VSARM/sdk/pico/pico-sdk/src/rp2_common/pico_standard_link/binary_info.c.obj
 .ARM.attributes
                0x00000592       0x2c CMakeFiles/spi_slave.dir/C_/VSARM/sdk/pico/pico-sdk/src/rp2_common/pico_stdio/stdio.c.obj
 .ARM.attributes
                0x000005be       0x2c CMakeFiles/spi_slave.dir/C_/VSARM/sdk/pico/pico-sdk/src/rp2_common/pico_stdio_usb/reset_interface.c.obj
 .ARM.attributes
                0x000005ea       0x2c CMakeFiles/spi_slave.dir/C_/VSARM/sdk/pico/pico-sdk/src/rp2_common/pico_stdio_usb/stdio_usb.c.obj
 .ARM.attributes
                0x00000616       0x2c CMakeFiles/spi_slave.dir/C_/VSARM/sdk/pico/pico-sdk/src/rp2_common/pico_stdio_usb/stdio_usb_descriptors.c.obj
 .ARM.attributes
                0x00000642       0x2c CMakeFiles/spi_slave.dir/C_/VSARM/sdk/pico/pico-sdk/lib/tinyusb/src/portable/raspberrypi/rp2040/dcd_rp2040.c.obj
 .ARM.attributes
                0x0000066e       0x2c CMakeFiles/spi_slave.dir/C_/VSARM/sdk/pico/pico-sdk/lib/tinyusb/src/portable/raspberrypi/rp2040/rp2040_usb.c.obj
 .ARM.attributes
                0x0000069a       0x2c CMakeFiles/spi_slave.dir/C_/VSARM/sdk/pico/pico-sdk/lib/tinyusb/src/device/usbd.c.obj
 .ARM.attributes
                0x000006c6       0x2c CMakeFiles/spi_slave.dir/C_/VSARM/sdk/pico/pico-sdk/lib/tinyusb/src/device/usbd_control.c.obj
 .ARM.attributes
                0x000006f2       0x2c CMakeFiles/spi_slave.dir/C_/VSARM/sdk/pico/pico-sdk/lib/tinyusb/src/class/cdc/cdc_device.c.obj
 .ARM.attributes
                0x0000071e       0x2c CMakeFiles/spi_slave.dir/C_/VSARM/sdk/pico/pico-sdk/lib/tinyusb/src/tusb.c.obj
 .ARM.attributes
                0x0000074a       0x2c CMakeFiles/spi_slave.dir/C_/VSARM/sdk/pico/pico-sdk/lib/tinyusb/src/common/tusb_fifo.c.obj
 .ARM.attributes
                0x00000776       0x2c CMakeFiles/spi_slave.dir/C_/VSARM/sdk/pico/pico-sdk/src/rp2_common/pico_unique_id/unique_id.c.obj
 .ARM.attributes
                0x000007a2       0x2c CMakeFiles/spi_slave.dir/C_/VSARM/sdk/pico/pico-sdk/src/rp2_common/hardware_flash/flash.c.obj
 .ARM.attributes
                0x000007ce       0x2c CMakeFiles/spi_slave.dir/C_/VSARM/sdk/pico/pico-sdk/src/rp2_common/hardware_spi/spi.c.obj
 .ARM.attributes
                0x000007fa       0x2c CMakeFiles/spi_slave.dir/C_/VSARM/sdk/pico/pico-sdk/src/rp2_common/pico_multicore/multicore.c.obj
 .ARM.attributes
                0x00000826       0x22 C:\Users\Santhosh\AppData\Local\Temp\cc4r3oTu.o
 .ARM.attributes
                0x00000848       0x1e c:/vsarm/armcc/102021~1.10/bin/../lib/gcc/arm-none-eabi/10.3.1/thumb/v6-m/nofp\libgcc.a(_dvmd_tls.o)
 .ARM.attributes
                0x00000866       0x2c c:/vsarm/armcc/102021~1.10/bin/../lib/gcc/arm-none-eabi/10.3.1/../../../../arm-none-eabi/lib/thumb/v6-m/nofp\libc.a(lib_a-strlen-stub.o)

.comment        0x00000000       0x49
 .comment       0x00000000       0x49 CMakeFiles/spi_slave.dir/main.c.obj
                                 0x4a (size before relaxing)
 .comment       0x00000049       0x4a CMakeFiles/spi_slave.dir/C_/VSARM/sdk/pico/pico-sdk/src/rp2_common/hardware_gpio/gpio.c.obj
 .comment       0x00000049       0x4a CMakeFiles/spi_slave.dir/C_/VSARM/sdk/pico/pico-sdk/src/rp2_common/hardware_claim/claim.c.obj
 .comment       0x00000049       0x4a CMakeFiles/spi_slave.dir/C_/VSARM/sdk/pico/pico-sdk/src/rp2_common/pico_platform/platform.c.obj
 .comment       0x00000049       0x4a CMakeFiles/spi_slave.dir/C_/VSARM/sdk/pico/pico-sdk/src/rp2_common/hardware_sync/sync.c.obj
 .comment       0x00000049       0x4a CMakeFiles/spi_slave.dir/C_/VSARM/sdk/pico/pico-sdk/src/common/pico_time/time.c.obj
 .comment       0x00000049       0x4a CMakeFiles/spi_slave.dir/C_/VSARM/sdk/pico/pico-sdk/src/rp2_common/hardware_timer/timer.c.obj
 .comment       0x00000049       0x4a CMakeFiles/spi_slave.dir/C_/VSARM/sdk/pico/pico-sdk/src/common/pico_sync/lock_core.c.obj
 .comment       0x00000049       0x4a CMakeFiles/spi_slave.dir/C_/VSARM/sdk/pico/pico-sdk/src/common/pico_sync/mutex.c.obj
 .comment       0x00000049       0x4a CMakeFiles/spi_slave.dir/C_/VSARM/sdk/pico/pico-sdk/src/common/pico_sync/critical_section.c.obj
 .comment       0x00000049       0x4a CMakeFiles/spi_slave.dir/C_/VSARM/sdk/pico/pico-sdk/src/common/pico_util/pheap.c.obj
 .comment       0x00000049       0x4a CMakeFiles/spi_slave.dir/C_/VSARM/sdk/pico/pico-sdk/src/rp2_common/pico_runtime/runtime.c.obj
 .comment       0x00000049       0x4a CMakeFiles/spi_slave.dir/C_/VSARM/sdk/pico/pico-sdk/src/rp2_common/hardware_clocks/clocks.c.obj
 .comment       0x00000049       0x4a CMakeFiles/spi_slave.dir/C_/VSARM/sdk/pico/pico-sdk/src/rp2_common/hardware_irq/irq.c.obj
 .comment       0x00000049       0x4a CMakeFiles/spi_slave.dir/C_/VSARM/sdk/pico/pico-sdk/src/rp2_common/hardware_pll/pll.c.obj
 .comment       0x00000049       0x4a CMakeFiles/spi_slave.dir/C_/VSARM/sdk/pico/pico-sdk/src/rp2_common/hardware_watchdog/watchdog.c.obj
 .comment       0x00000049       0x4a CMakeFiles/spi_slave.dir/C_/VSARM/sdk/pico/pico-sdk/src/rp2_common/hardware_xosc/xosc.c.obj
 .comment       0x00000049       0x4a CMakeFiles/spi_slave.dir/C_/VSARM/sdk/pico/pico-sdk/src/rp2_common/pico_printf/printf.c.obj
 .comment       0x00000049       0x4a CMakeFiles/spi_slave.dir/C_/VSARM/sdk/pico/pico-sdk/src/rp2_common/pico_bootrom/bootrom.c.obj
 .comment       0x00000049       0x4a CMakeFiles/spi_slave.dir/C_/VSARM/sdk/pico/pico-sdk/src/rp2_common/pico_double/double_init_rom.c.obj
 .comment       0x00000049       0x4a CMakeFiles/spi_slave.dir/C_/VSARM/sdk/pico/pico-sdk/src/rp2_common/pico_float/float_init_rom.c.obj
 .comment       0x00000049       0x4a CMakeFiles/spi_slave.dir/C_/VSARM/sdk/pico/pico-sdk/src/rp2_common/pico_malloc/pico_malloc.c.obj
 .comment       0x00000049       0x4a CMakeFiles/spi_slave.dir/C_/VSARM/sdk/pico/pico-sdk/src/rp2_common/pico_standard_link/binary_info.c.obj
 .comment       0x00000049       0x4a CMakeFiles/spi_slave.dir/C_/VSARM/sdk/pico/pico-sdk/src/rp2_common/pico_stdio/stdio.c.obj
 .comment       0x00000049       0x4a CMakeFiles/spi_slave.dir/C_/VSARM/sdk/pico/pico-sdk/src/rp2_common/pico_stdio_usb/reset_interface.c.obj
 .comment       0x00000049       0x4a CMakeFiles/spi_slave.dir/C_/VSARM/sdk/pico/pico-sdk/src/rp2_common/pico_stdio_usb/stdio_usb.c.obj
 .comment       0x00000049       0x4a CMakeFiles/spi_slave.dir/C_/VSARM/sdk/pico/pico-sdk/src/rp2_common/pico_stdio_usb/stdio_usb_descriptors.c.obj
 .comment       0x00000049       0x4a CMakeFiles/spi_slave.dir/C_/VSARM/sdk/pico/pico-sdk/lib/tinyusb/src/portable/raspberrypi/rp2040/dcd_rp2040.c.obj
 .comment       0x00000049       0x4a CMakeFiles/spi_slave.dir/C_/VSARM/sdk/pico/pico-sdk/lib/tinyusb/src/portable/raspberrypi/rp2040/rp2040_usb.c.obj
 .comment       0x00000049       0x4a CMakeFiles/spi_slave.dir/C_/VSARM/sdk/pico/pico-sdk/lib/tinyusb/src/device/usbd.c.obj
 .comment       0x00000049       0x4a CMakeFiles/spi_slave.dir/C_/VSARM/sdk/pico/pico-sdk/lib/tinyusb/src/device/usbd_control.c.obj
 .comment       0x00000049       0x4a CMakeFiles/spi_slave.dir/C_/VSARM/sdk/pico/pico-sdk/lib/tinyusb/src/class/cdc/cdc_device.c.obj
 .comment       0x00000049       0x4a CMakeFiles/spi_slave.dir/C_/VSARM/sdk/pico/pico-sdk/lib/tinyusb/src/tusb.c.obj
 .comment       0x00000049       0x4a CMakeFiles/spi_slave.dir/C_/VSARM/sdk/pico/pico-sdk/lib/tinyusb/src/common/tusb_fifo.c.obj
 .comment       0x00000049       0x4a CMakeFiles/spi_slave.dir/C_/VSARM/sdk/pico/pico-sdk/src/rp2_common/pico_unique_id/unique_id.c.obj
 .comment       0x00000049       0x4a CMakeFiles/spi_slave.dir/C_/VSARM/sdk/pico/pico-sdk/src/rp2_common/hardware_flash/flash.c.obj
 .comment       0x00000049       0x4a CMakeFiles/spi_slave.dir/C_/VSARM/sdk/pico/pico-sdk/src/rp2_common/hardware_spi/spi.c.obj
 .comment       0x00000049       0x4a CMakeFiles/spi_slave.dir/C_/VSARM/sdk/pico/pico-sdk/src/rp2_common/pico_multicore/multicore.c.obj

.debug_frame    0x00000000       0x28
 .debug_frame   0x00000000       0x28 c:/vsarm/armcc/102021~1.10/bin/../lib/gcc/arm-none-eabi/10.3.1/../../../../arm-none-eabi/lib/thumb/v6-m/nofp\libc.a(lib_a-strlen-stub.o)